------------------------------------------------------------
TimeQuest Timing Analyzer Summary
------------------------------------------------------------

Type  : Slow 1100mV 85C Model Setup 'CLOCK_50'
Slack : -4.177
TNS   : -35.886

Type  : Slow 1100mV 85C Model Setup 'clk_generator:freq_gen|tmp_clk'
Slack : -3.083
TNS   : -31.138

Type  : Slow 1100mV 85C Model Hold 'CLOCK_50'
Slack : 0.205
TNS   : 0.000

Type  : Slow 1100mV 85C Model Hold 'clk_generator:freq_gen|tmp_clk'
Slack : 0.670
TNS   : 0.000

Type  : Slow 1100mV 85C Model Recovery 'CLOCK_50'
Slack : -3.086
TNS   : -29.202

Type  : Slow 1100mV 85C Model Recovery 'clk_generator:freq_gen|tmp_clk'
Slack : -1.786
TNS   : -18.487

Type  : Slow 1100mV 85C Model Removal 'CLOCK_50'
Slack : 0.787
TNS   : 0.000

Type  : Slow 1100mV 85C Model Removal 'clk_generator:freq_gen|tmp_clk'
Slack : 0.888
TNS   : 0.000

Type  : Slow 1100mV 85C Model Minimum Pulse Width 'clk_generator:freq_gen|tmp_clk'
Slack : -0.394
TNS   : -6.625

Type  : Slow 1100mV 85C Model Minimum Pulse Width 'CLOCK_50'
Slack : -0.394
TNS   : -5.968

Type  : Slow 1100mV 85C Model Minimum Pulse Width 'RSTn'
Slack : 0.268
TNS   : 0.000

Type  : Slow 1100mV 0C Model Setup 'CLOCK_50'
Slack : -4.318
TNS   : -34.972

Type  : Slow 1100mV 0C Model Setup 'clk_generator:freq_gen|tmp_clk'
Slack : -3.301
TNS   : -32.743

Type  : Slow 1100mV 0C Model Hold 'CLOCK_50'
Slack : 0.135
TNS   : 0.000

Type  : Slow 1100mV 0C Model Hold 'clk_generator:freq_gen|tmp_clk'
Slack : 0.643
TNS   : 0.000

Type  : Slow 1100mV 0C Model Recovery 'CLOCK_50'
Slack : -3.022
TNS   : -26.368

Type  : Slow 1100mV 0C Model Recovery 'clk_generator:freq_gen|tmp_clk'
Slack : -1.831
TNS   : -19.044

Type  : Slow 1100mV 0C Model Removal 'CLOCK_50'
Slack : 0.522
TNS   : 0.000

Type  : Slow 1100mV 0C Model Removal 'clk_generator:freq_gen|tmp_clk'
Slack : 0.981
TNS   : 0.000

Type  : Slow 1100mV 0C Model Minimum Pulse Width 'clk_generator:freq_gen|tmp_clk'
Slack : -0.394
TNS   : -6.686

Type  : Slow 1100mV 0C Model Minimum Pulse Width 'CLOCK_50'
Slack : -0.394
TNS   : -6.442

Type  : Slow 1100mV 0C Model Minimum Pulse Width 'RSTn'
Slack : 0.256
TNS   : 0.000

Type  : Fast 1100mV 85C Model Setup 'CLOCK_50'
Slack : -2.794
TNS   : -24.366

Type  : Fast 1100mV 85C Model Setup 'clk_generator:freq_gen|tmp_clk'
Slack : -1.252
TNS   : -12.474

Type  : Fast 1100mV 85C Model Hold 'CLOCK_50'
Slack : 0.019
TNS   : 0.000

Type  : Fast 1100mV 85C Model Hold 'clk_generator:freq_gen|tmp_clk'
Slack : 0.352
TNS   : 0.000

Type  : Fast 1100mV 85C Model Recovery 'CLOCK_50'
Slack : -2.390
TNS   : -23.629

Type  : Fast 1100mV 85C Model Recovery 'clk_generator:freq_gen|tmp_clk'
Slack : -1.219
TNS   : -12.627

Type  : Fast 1100mV 85C Model Removal 'clk_generator:freq_gen|tmp_clk'
Slack : 0.320
TNS   : 0.000

Type  : Fast 1100mV 85C Model Removal 'CLOCK_50'
Slack : 0.557
TNS   : 0.000

Type  : Fast 1100mV 85C Model Minimum Pulse Width 'CLOCK_50'
Slack : -0.370
TNS   : -1.140

Type  : Fast 1100mV 85C Model Minimum Pulse Width 'RSTn'
Slack : -0.010
TNS   : -0.043

Type  : Fast 1100mV 85C Model Minimum Pulse Width 'clk_generator:freq_gen|tmp_clk'
Slack : 0.006
TNS   : 0.000

Type  : Fast 1100mV 0C Model Setup 'CLOCK_50'
Slack : -2.517
TNS   : -22.072

Type  : Fast 1100mV 0C Model Setup 'clk_generator:freq_gen|tmp_clk'
Slack : -1.209
TNS   : -11.834

Type  : Fast 1100mV 0C Model Hold 'CLOCK_50'
Slack : -0.018
TNS   : -0.018

Type  : Fast 1100mV 0C Model Hold 'clk_generator:freq_gen|tmp_clk'
Slack : 0.319
TNS   : 0.000

Type  : Fast 1100mV 0C Model Recovery 'CLOCK_50'
Slack : -2.155
TNS   : -20.375

Type  : Fast 1100mV 0C Model Recovery 'clk_generator:freq_gen|tmp_clk'
Slack : -1.258
TNS   : -13.169

Type  : Fast 1100mV 0C Model Removal 'CLOCK_50'
Slack : 0.370
TNS   : 0.000

Type  : Fast 1100mV 0C Model Removal 'clk_generator:freq_gen|tmp_clk'
Slack : 0.381
TNS   : 0.000

Type  : Fast 1100mV 0C Model Minimum Pulse Width 'CLOCK_50'
Slack : -0.358
TNS   : -1.124

Type  : Fast 1100mV 0C Model Minimum Pulse Width 'RSTn'
Slack : -0.006
TNS   : -0.032

Type  : Fast 1100mV 0C Model Minimum Pulse Width 'clk_generator:freq_gen|tmp_clk'
Slack : 0.029
TNS   : 0.000

------------------------------------------------------------
