TimeQuest Timing Analyzer report for PWM_da_conversion
Sun Jan 07 16:10:18 2024
Quartus Prime Version 16.1.0 Build 196 10/24/2016 SJ Lite Edition


---------------------
; Table of Contents ;
---------------------
  1. Legal Notice
  2. TimeQuest Timing Analyzer Summary
  3. Parallel Compilation
  4. Clocks
  5. Slow 1100mV 85C Model Fmax Summary
  6. Timing Closure Recommendations
  7. Slow 1100mV 85C Model Setup Summary
  8. Slow 1100mV 85C Model Hold Summary
  9. Slow 1100mV 85C Model Recovery Summary
 10. Slow 1100mV 85C Model Removal Summary
 11. Slow 1100mV 85C Model Minimum Pulse Width Summary
 12. Slow 1100mV 85C Model Metastability Summary
 13. Slow 1100mV 0C Model Fmax Summary
 14. Slow 1100mV 0C Model Setup Summary
 15. Slow 1100mV 0C Model Hold Summary
 16. Slow 1100mV 0C Model Recovery Summary
 17. Slow 1100mV 0C Model Removal Summary
 18. Slow 1100mV 0C Model Minimum Pulse Width Summary
 19. Slow 1100mV 0C Model Metastability Summary
 20. Fast 1100mV 85C Model Setup Summary
 21. Fast 1100mV 85C Model Hold Summary
 22. Fast 1100mV 85C Model Recovery Summary
 23. Fast 1100mV 85C Model Removal Summary
 24. Fast 1100mV 85C Model Minimum Pulse Width Summary
 25. Fast 1100mV 85C Model Metastability Summary
 26. Fast 1100mV 0C Model Setup Summary
 27. Fast 1100mV 0C Model Hold Summary
 28. Fast 1100mV 0C Model Recovery Summary
 29. Fast 1100mV 0C Model Removal Summary
 30. Fast 1100mV 0C Model Minimum Pulse Width Summary
 31. Fast 1100mV 0C Model Metastability Summary
 32. Multicorner Timing Analysis Summary
 33. Board Trace Model Assignments
 34. Input Transition Times
 35. Signal Integrity Metrics (Slow 1100mv 0c Model)
 36. Signal Integrity Metrics (Slow 1100mv 85c Model)
 37. Signal Integrity Metrics (Fast 1100mv 0c Model)
 38. Signal Integrity Metrics (Fast 1100mv 85c Model)
 39. Setup Transfers
 40. Hold Transfers
 41. Recovery Transfers
 42. Removal Transfers
 43. Report TCCS
 44. Report RSKM
 45. Unconstrained Paths Summary
 46. Clock Status Summary
 47. Unconstrained Input Ports
 48. Unconstrained Output Ports
 49. Unconstrained Input Ports
 50. Unconstrained Output Ports
 51. TimeQuest Timing Analyzer Messages



----------------
; Legal Notice ;
----------------
Copyright (C) 2016  Intel Corporation. All rights reserved.
Your use of Intel Corporation's design tools, logic functions 
and other software and tools, and its AMPP partner logic 
functions, and any output files from any of the foregoing 
(including device programming or simulation files), and any 
associated documentation or information are expressly subject 
to the terms and conditions of the Intel Program License 
Subscription Agreement, the Intel Quartus Prime License Agreement,
the Intel MegaCore Function License Agreement, or other 
applicable license agreement, including, without limitation, 
that your use is for the sole purpose of programming logic 
devices manufactured by Intel and sold by Intel or its 
authorized distributors.  Please refer to the applicable 
agreement for further details.



+-----------------------------------------------------------------------------+
; TimeQuest Timing Analyzer Summary                                           ;
+-----------------------+-----------------------------------------------------+
; Quartus Prime Version ; Version 16.1.0 Build 196 10/24/2016 SJ Lite Edition ;
; Timing Analyzer       ; TimeQuest                                           ;
; Revision Name         ; PWM_da_conversion                                   ;
; Device Family         ; Cyclone V                                           ;
; Device Name           ; 5CSEMA5F31C6                                        ;
; Timing Models         ; Final                                               ;
; Delay Model           ; Combined                                            ;
; Rise/Fall Delays      ; Enabled                                             ;
+-----------------------+-----------------------------------------------------+


+------------------------------------------+
; Parallel Compilation                     ;
+----------------------------+-------------+
; Processors                 ; Number      ;
+----------------------------+-------------+
; Number detected on machine ; 16          ;
; Maximum allowed            ; 10          ;
;                            ;             ;
; Average used               ; 1.19        ;
; Maximum used               ; 10          ;
;                            ;             ;
; Usage by Processor         ; % Time Used ;
;     Processor 1            ; 100.0%      ;
;     Processor 2            ;   2.6%      ;
;     Processor 3            ;   2.4%      ;
;     Processor 4            ;   2.4%      ;
;     Processor 5            ;   2.4%      ;
;     Processor 6            ;   2.3%      ;
;     Processor 7            ;   2.3%      ;
;     Processor 8            ;   2.3%      ;
;     Processors 9-10        ;   1.2%      ;
+----------------------------+-------------+


+--------------------------------------------------------------------------------------------------------------------------------------------------------------------------------------------------------------------------------------------+
; Clocks                                                                                                                                                                                                                                     ;
+--------------------------------------+------+--------+------------+-------+-------+------------+-----------+-------------+-------+--------+-----------+------------+----------+--------+--------+------------------------------------------+
; Clock Name                           ; Type ; Period ; Frequency  ; Rise  ; Fall  ; Duty Cycle ; Divide by ; Multiply by ; Phase ; Offset ; Edge List ; Edge Shift ; Inverted ; Master ; Source ; Targets                                  ;
+--------------------------------------+------+--------+------------+-------+-------+------------+-----------+-------------+-------+--------+-----------+------------+----------+--------+--------+------------------------------------------+
; A_RSTn                               ; Base ; 1.000  ; 1000.0 MHz ; 0.000 ; 0.500 ;            ;           ;             ;       ;        ;           ;            ;          ;        ;        ; { A_RSTn }                               ;
; clk_generator:clk_generation|tmp_clk ; Base ; 1.000  ; 1000.0 MHz ; 0.000 ; 0.500 ;            ;           ;             ;       ;        ;           ;            ;          ;        ;        ; { clk_generator:clk_generation|tmp_clk } ;
; CLOCK_50                             ; Base ; 1.000  ; 1000.0 MHz ; 0.000 ; 0.500 ;            ;           ;             ;       ;        ;           ;            ;          ;        ;        ; { CLOCK_50 }                             ;
+--------------------------------------+------+--------+------------+-------+-------+------------+-----------+-------------+-------+--------+-----------+------------+----------+--------+--------+------------------------------------------+


+----------------------------------------------------------------------------+
; Slow 1100mV 85C Model Fmax Summary                                         ;
+------------+-----------------+--------------------------------------+------+
; Fmax       ; Restricted Fmax ; Clock Name                           ; Note ;
+------------+-----------------+--------------------------------------+------+
; 175.16 MHz ; 175.16 MHz      ; clk_generator:clk_generation|tmp_clk ;      ;
; 192.05 MHz ; 192.05 MHz      ; CLOCK_50                             ;      ;
+------------+-----------------+--------------------------------------+------+
This panel reports FMAX for every clock in the design, regardless of the user-specified clock periods.  FMAX is only computed for paths where the source and destination registers or ports are driven by the same clock.  Paths of different clocks, including generated clocks, are ignored.  For paths between a clock and its inversion, FMAX is computed as if the rising and falling edges are scaled along with FMAX, such that the duty cycle (in terms of a percentage) is maintained. Altera recommends that you always use clock constraints and other slack reports for sign-off analysis.


----------------------------------
; Timing Closure Recommendations ;
----------------------------------
HTML report is unavailable in plain text report export.


+---------------------------------------------------------------+
; Slow 1100mV 85C Model Setup Summary                           ;
+--------------------------------------+--------+---------------+
; Clock                                ; Slack  ; End Point TNS ;
+--------------------------------------+--------+---------------+
; clk_generator:clk_generation|tmp_clk ; -5.352 ; -64.019       ;
; CLOCK_50                             ; -4.207 ; -39.273       ;
+--------------------------------------+--------+---------------+


+---------------------------------------------------------------+
; Slow 1100mV 85C Model Hold Summary                            ;
+--------------------------------------+--------+---------------+
; Clock                                ; Slack  ; End Point TNS ;
+--------------------------------------+--------+---------------+
; CLOCK_50                             ; -1.338 ; -3.850        ;
; clk_generator:clk_generation|tmp_clk ; 0.888  ; 0.000         ;
+--------------------------------------+--------+---------------+


+---------------------------------------------------------------+
; Slow 1100mV 85C Model Recovery Summary                        ;
+--------------------------------------+--------+---------------+
; Clock                                ; Slack  ; End Point TNS ;
+--------------------------------------+--------+---------------+
; CLOCK_50                             ; -3.165 ; -27.697       ;
; clk_generator:clk_generation|tmp_clk ; -2.222 ; -36.871       ;
+--------------------------------------+--------+---------------+


+--------------------------------------------------------------+
; Slow 1100mV 85C Model Removal Summary                        ;
+--------------------------------------+-------+---------------+
; Clock                                ; Slack ; End Point TNS ;
+--------------------------------------+-------+---------------+
; CLOCK_50                             ; 0.817 ; 0.000         ;
; clk_generator:clk_generation|tmp_clk ; 1.076 ; 0.000         ;
+--------------------------------------+-------+---------------+


+---------------------------------------------------------------+
; Slow 1100mV 85C Model Minimum Pulse Width Summary             ;
+--------------------------------------+--------+---------------+
; Clock                                ; Slack  ; End Point TNS ;
+--------------------------------------+--------+---------------+
; clk_generator:clk_generation|tmp_clk ; -0.394 ; -9.631        ;
; CLOCK_50                             ; -0.394 ; -6.398        ;
; A_RSTn                               ; 0.271  ; 0.000         ;
+--------------------------------------+--------+---------------+


-----------------------------------------------
; Slow 1100mV 85C Model Metastability Summary ;
-----------------------------------------------
No synchronizer chains to report.


+----------------------------------------------------------------------------+
; Slow 1100mV 0C Model Fmax Summary                                          ;
+------------+-----------------+--------------------------------------+------+
; Fmax       ; Restricted Fmax ; Clock Name                           ; Note ;
+------------+-----------------+--------------------------------------+------+
; 179.57 MHz ; 179.57 MHz      ; clk_generator:clk_generation|tmp_clk ;      ;
; 187.44 MHz ; 187.44 MHz      ; CLOCK_50                             ;      ;
+------------+-----------------+--------------------------------------+------+
This panel reports FMAX for every clock in the design, regardless of the user-specified clock periods.  FMAX is only computed for paths where the source and destination registers or ports are driven by the same clock.  Paths of different clocks, including generated clocks, are ignored.  For paths between a clock and its inversion, FMAX is computed as if the rising and falling edges are scaled along with FMAX, such that the duty cycle (in terms of a percentage) is maintained. Altera recommends that you always use clock constraints and other slack reports for sign-off analysis.


+---------------------------------------------------------------+
; Slow 1100mV 0C Model Setup Summary                            ;
+--------------------------------------+--------+---------------+
; Clock                                ; Slack  ; End Point TNS ;
+--------------------------------------+--------+---------------+
; clk_generator:clk_generation|tmp_clk ; -5.319 ; -63.751       ;
; CLOCK_50                             ; -4.335 ; -38.509       ;
+--------------------------------------+--------+---------------+


+---------------------------------------------------------------+
; Slow 1100mV 0C Model Hold Summary                             ;
+--------------------------------------+--------+---------------+
; Clock                                ; Slack  ; End Point TNS ;
+--------------------------------------+--------+---------------+
; CLOCK_50                             ; -1.420 ; -4.336        ;
; clk_generator:clk_generation|tmp_clk ; 0.890  ; 0.000         ;
+--------------------------------------+--------+---------------+


+---------------------------------------------------------------+
; Slow 1100mV 0C Model Recovery Summary                         ;
+--------------------------------------+--------+---------------+
; Clock                                ; Slack  ; End Point TNS ;
+--------------------------------------+--------+---------------+
; CLOCK_50                             ; -3.102 ; -25.051       ;
; clk_generator:clk_generation|tmp_clk ; -2.243 ; -37.378       ;
+--------------------------------------+--------+---------------+


+--------------------------------------------------------------+
; Slow 1100mV 0C Model Removal Summary                         ;
+--------------------------------------+-------+---------------+
; Clock                                ; Slack ; End Point TNS ;
+--------------------------------------+-------+---------------+
; CLOCK_50                             ; 0.553 ; 0.000         ;
; clk_generator:clk_generation|tmp_clk ; 1.155 ; 0.000         ;
+--------------------------------------+-------+---------------+


+---------------------------------------------------------------+
; Slow 1100mV 0C Model Minimum Pulse Width Summary              ;
+--------------------------------------+--------+---------------+
; Clock                                ; Slack  ; End Point TNS ;
+--------------------------------------+--------+---------------+
; clk_generator:clk_generation|tmp_clk ; -0.394 ; -9.519        ;
; CLOCK_50                             ; -0.394 ; -6.928        ;
; A_RSTn                               ; 0.272  ; 0.000         ;
+--------------------------------------+--------+---------------+


----------------------------------------------
; Slow 1100mV 0C Model Metastability Summary ;
----------------------------------------------
No synchronizer chains to report.


+---------------------------------------------------------------+
; Fast 1100mV 85C Model Setup Summary                           ;
+--------------------------------------+--------+---------------+
; Clock                                ; Slack  ; End Point TNS ;
+--------------------------------------+--------+---------------+
; clk_generator:clk_generation|tmp_clk ; -3.382 ; -36.499       ;
; CLOCK_50                             ; -2.723 ; -26.073       ;
+--------------------------------------+--------+---------------+


+---------------------------------------------------------------+
; Fast 1100mV 85C Model Hold Summary                            ;
+--------------------------------------+--------+---------------+
; Clock                                ; Slack  ; End Point TNS ;
+--------------------------------------+--------+---------------+
; CLOCK_50                             ; -0.837 ; -2.532        ;
; clk_generator:clk_generation|tmp_clk ; 0.413  ; 0.000         ;
+--------------------------------------+--------+---------------+


+---------------------------------------------------------------+
; Fast 1100mV 85C Model Recovery Summary                        ;
+--------------------------------------+--------+---------------+
; Clock                                ; Slack  ; End Point TNS ;
+--------------------------------------+--------+---------------+
; CLOCK_50                             ; -2.444 ; -22.325       ;
; clk_generator:clk_generation|tmp_clk ; -1.492 ; -24.659       ;
+--------------------------------------+--------+---------------+


+--------------------------------------------------------------+
; Fast 1100mV 85C Model Removal Summary                        ;
+--------------------------------------+-------+---------------+
; Clock                                ; Slack ; End Point TNS ;
+--------------------------------------+-------+---------------+
; clk_generator:clk_generation|tmp_clk ; 0.405 ; 0.000         ;
; CLOCK_50                             ; 0.530 ; 0.000         ;
+--------------------------------------+-------+---------------+


+---------------------------------------------------------------+
; Fast 1100mV 85C Model Minimum Pulse Width Summary             ;
+--------------------------------------+--------+---------------+
; Clock                                ; Slack  ; End Point TNS ;
+--------------------------------------+--------+---------------+
; CLOCK_50                             ; -0.277 ; -1.122        ;
; A_RSTn                               ; 0.005  ; 0.000         ;
; clk_generator:clk_generation|tmp_clk ; 0.081  ; 0.000         ;
+--------------------------------------+--------+---------------+


-----------------------------------------------
; Fast 1100mV 85C Model Metastability Summary ;
-----------------------------------------------
No synchronizer chains to report.


+---------------------------------------------------------------+
; Fast 1100mV 0C Model Setup Summary                            ;
+--------------------------------------+--------+---------------+
; Clock                                ; Slack  ; End Point TNS ;
+--------------------------------------+--------+---------------+
; clk_generator:clk_generation|tmp_clk ; -3.218 ; -34.028       ;
; CLOCK_50                             ; -2.551 ; -23.741       ;
+--------------------------------------+--------+---------------+


+---------------------------------------------------------------+
; Fast 1100mV 0C Model Hold Summary                             ;
+--------------------------------------+--------+---------------+
; Clock                                ; Slack  ; End Point TNS ;
+--------------------------------------+--------+---------------+
; CLOCK_50                             ; -0.937 ; -2.800        ;
; clk_generator:clk_generation|tmp_clk ; 0.383  ; 0.000         ;
+--------------------------------------+--------+---------------+


+---------------------------------------------------------------+
; Fast 1100mV 0C Model Recovery Summary                         ;
+--------------------------------------+--------+---------------+
; Clock                                ; Slack  ; End Point TNS ;
+--------------------------------------+--------+---------------+
; CLOCK_50                             ; -2.208 ; -19.287       ;
; clk_generator:clk_generation|tmp_clk ; -1.499 ; -25.030       ;
+--------------------------------------+--------+---------------+


+--------------------------------------------------------------+
; Fast 1100mV 0C Model Removal Summary                         ;
+--------------------------------------+-------+---------------+
; Clock                                ; Slack ; End Point TNS ;
+--------------------------------------+-------+---------------+
; CLOCK_50                             ; 0.330 ; 0.000         ;
; clk_generator:clk_generation|tmp_clk ; 0.452 ; 0.000         ;
+--------------------------------------+-------+---------------+


+---------------------------------------------------------------+
; Fast 1100mV 0C Model Minimum Pulse Width Summary              ;
+--------------------------------------+--------+---------------+
; Clock                                ; Slack  ; End Point TNS ;
+--------------------------------------+--------+---------------+
; CLOCK_50                             ; -0.283 ; -1.134        ;
; A_RSTn                               ; 0.005  ; 0.000         ;
; clk_generator:clk_generation|tmp_clk ; 0.098  ; 0.000         ;
+--------------------------------------+--------+---------------+


----------------------------------------------
; Fast 1100mV 0C Model Metastability Summary ;
----------------------------------------------
No synchronizer chains to report.


+------------------------------------------------------------------------------------------------------+
; Multicorner Timing Analysis Summary                                                                  ;
+---------------------------------------+----------+--------+----------+---------+---------------------+
; Clock                                 ; Setup    ; Hold   ; Recovery ; Removal ; Minimum Pulse Width ;
+---------------------------------------+----------+--------+----------+---------+---------------------+
; Worst-case Slack                      ; -5.352   ; -1.420 ; -3.165   ; 0.330   ; -0.394              ;
;  A_RSTn                               ; N/A      ; N/A    ; N/A      ; N/A     ; 0.005               ;
;  CLOCK_50                             ; -4.335   ; -1.420 ; -3.165   ; 0.330   ; -0.394              ;
;  clk_generator:clk_generation|tmp_clk ; -5.352   ; 0.383  ; -2.243   ; 0.405   ; -0.394              ;
; Design-wide TNS                       ; -103.292 ; -4.336 ; -64.568  ; 0.0     ; -16.447             ;
;  A_RSTn                               ; N/A      ; N/A    ; N/A      ; N/A     ; 0.000               ;
;  CLOCK_50                             ; -39.273  ; -4.336 ; -27.697  ; 0.000   ; -6.928              ;
;  clk_generator:clk_generation|tmp_clk ; -64.019  ; 0.000  ; -37.378  ; 0.000   ; -9.631              ;
+---------------------------------------+----------+--------+----------+---------+---------------------+


+---------------------------------------------------------------------------------------------------------------------------------------------------------------------------------------------------------------------------------------------------------------------------------------------------------------------------------------------------------------------------------------------------------------+
; Board Trace Model Assignments                                                                                                                                                                                                                                                                                                                                                                                 ;
+------------+--------------+-------------------+-------------------------+-------------------------+---------------+---------------------+----------------+------------------+--------+------------------+------------------------+------------------------+--------------+---------------+-----------------+-------+---------------------+--------------------+---------------+-----------------+-------------+
; Pin        ; I/O Standard ; Near Tline Length ; Near Tline L per Length ; Near Tline C per Length ; Near Series R ; Near Differential R ; Near Pull-up R ; Near Pull-down R ; Near C ; Far Tline Length ; Far Tline L per Length ; Far Tline C per Length ; Far Series R ; Far Pull-up R ; Far Pull-down R ; Far C ; Termination Voltage ; Far Differential R ; EBD File Name ; EBD Signal Name ; EBD Far-end ;
+------------+--------------+-------------------+-------------------------+-------------------------+---------------+---------------------+----------------+------------------+--------+------------------+------------------------+------------------------+--------------+---------------+-----------------+-------+---------------------+--------------------+---------------+-----------------+-------------+
; OUTPUT_VAL ; 2.5 V        ; 0 in              ; 0 H/in                  ; 0 F/in                  ; short         ; -                   ; open           ; open             ; open   ; 0 in             ; 0 H/in                 ; 0 F/in                 ; short        ; open          ; open            ; open  ; 0 V                 ; -                  ; n/a           ; n/a             ; n/a         ;
+------------+--------------+-------------------+-------------------------+-------------------------+---------------+---------------------+----------------+------------------+--------+------------------+------------------------+------------------------+--------------+---------------+-----------------+-------+---------------------+--------------------+---------------+-----------------+-------------+


+-----------------------------------------------------------------+
; Input Transition Times                                          ;
+--------------+--------------+-----------------+-----------------+
; Pin          ; I/O Standard ; 10-90 Rise Time ; 90-10 Fall Time ;
+--------------+--------------+-----------------+-----------------+
; CLOCK_50     ; 2.5 V        ; 2000 ps         ; 2000 ps         ;
; A_RSTn       ; 2.5 V        ; 2000 ps         ; 2000 ps         ;
; INPUT_VAL[5] ; 2.5 V        ; 2000 ps         ; 2000 ps         ;
; INPUT_VAL[6] ; 2.5 V        ; 2000 ps         ; 2000 ps         ;
; INPUT_VAL[7] ; 2.5 V        ; 2000 ps         ; 2000 ps         ;
; INPUT_VAL[4] ; 2.5 V        ; 2000 ps         ; 2000 ps         ;
; INPUT_VAL[3] ; 2.5 V        ; 2000 ps         ; 2000 ps         ;
; INPUT_VAL[2] ; 2.5 V        ; 2000 ps         ; 2000 ps         ;
; INPUT_VAL[1] ; 2.5 V        ; 2000 ps         ; 2000 ps         ;
; INPUT_VAL[0] ; 2.5 V        ; 2000 ps         ; 2000 ps         ;
; freq[0]      ; 2.5 V        ; 2000 ps         ; 2000 ps         ;
; freq[1]      ; 2.5 V        ; 2000 ps         ; 2000 ps         ;
+--------------+--------------+-----------------+-----------------+


+-----------------------------------------------------------------------------------------------------------------------------------------------------------------------------------------------------------------------------------------------------------------------------------------------------------------------------------------------------------------------------------------------------------------------------------------------------------------------------------------------------------------------------------------------------------------------------------------------------------------------------------------------------------------------------------------+
; Signal Integrity Metrics (Slow 1100mv 0c Model)                                                                                                                                                                                                                                                                                                                                                                                                                                                                                                                                                                                                                                         ;
+------------+--------------+---------------------+---------------------+------------------------------+------------------------------+---------------------+---------------------+--------------------------------------+--------------------------------------+-----------------------------+-----------------------------+----------------------------+----------------------------+-----------------------------+-----------------------------+--------------------+--------------------+-------------------------------------+-------------------------------------+----------------------------+----------------------------+---------------------------+---------------------------+
; Pin        ; I/O Standard ; Board Delay on Rise ; Board Delay on Fall ; Steady State Voh at FPGA Pin ; Steady State Vol at FPGA Pin ; Voh Max at FPGA Pin ; Vol Min at FPGA Pin ; Ringback Voltage on Rise at FPGA Pin ; Ringback Voltage on Fall at FPGA Pin ; 10-90 Rise Time at FPGA Pin ; 90-10 Fall Time at FPGA Pin ; Monotonic Rise at FPGA Pin ; Monotonic Fall at FPGA Pin ; Steady State Voh at Far-end ; Steady State Vol at Far-end ; Voh Max at Far-end ; Vol Min at Far-end ; Ringback Voltage on Rise at Far-end ; Ringback Voltage on Fall at Far-end ; 10-90 Rise Time at Far-end ; 90-10 Fall Time at Far-end ; Monotonic Rise at Far-end ; Monotonic Fall at Far-end ;
+------------+--------------+---------------------+---------------------+------------------------------+------------------------------+---------------------+---------------------+--------------------------------------+--------------------------------------+-----------------------------+-----------------------------+----------------------------+----------------------------+-----------------------------+-----------------------------+--------------------+--------------------+-------------------------------------+-------------------------------------+----------------------------+----------------------------+---------------------------+---------------------------+
; OUTPUT_VAL ; 2.5 V        ; 0 s                 ; 0 s                 ; 2.32 V                       ; 3.52e-07 V                   ; 2.42 V              ; -0.0557 V           ; 0.175 V                              ; 0.114 V                              ; 4.5e-10 s                   ; 4.35e-10 s                  ; No                         ; No                         ; 2.32 V                      ; 3.52e-07 V                  ; 2.42 V             ; -0.0557 V          ; 0.175 V                             ; 0.114 V                             ; 4.5e-10 s                  ; 4.35e-10 s                 ; No                        ; No                        ;
+------------+--------------+---------------------+---------------------+------------------------------+------------------------------+---------------------+---------------------+--------------------------------------+--------------------------------------+-----------------------------+-----------------------------+----------------------------+----------------------------+-----------------------------+-----------------------------+--------------------+--------------------+-------------------------------------+-------------------------------------+----------------------------+----------------------------+---------------------------+---------------------------+


+-----------------------------------------------------------------------------------------------------------------------------------------------------------------------------------------------------------------------------------------------------------------------------------------------------------------------------------------------------------------------------------------------------------------------------------------------------------------------------------------------------------------------------------------------------------------------------------------------------------------------------------------------------------------------------------------+
; Signal Integrity Metrics (Slow 1100mv 85c Model)                                                                                                                                                                                                                                                                                                                                                                                                                                                                                                                                                                                                                                        ;
+------------+--------------+---------------------+---------------------+------------------------------+------------------------------+---------------------+---------------------+--------------------------------------+--------------------------------------+-----------------------------+-----------------------------+----------------------------+----------------------------+-----------------------------+-----------------------------+--------------------+--------------------+-------------------------------------+-------------------------------------+----------------------------+----------------------------+---------------------------+---------------------------+
; Pin        ; I/O Standard ; Board Delay on Rise ; Board Delay on Fall ; Steady State Voh at FPGA Pin ; Steady State Vol at FPGA Pin ; Voh Max at FPGA Pin ; Vol Min at FPGA Pin ; Ringback Voltage on Rise at FPGA Pin ; Ringback Voltage on Fall at FPGA Pin ; 10-90 Rise Time at FPGA Pin ; 90-10 Fall Time at FPGA Pin ; Monotonic Rise at FPGA Pin ; Monotonic Fall at FPGA Pin ; Steady State Voh at Far-end ; Steady State Vol at Far-end ; Voh Max at Far-end ; Vol Min at Far-end ; Ringback Voltage on Rise at Far-end ; Ringback Voltage on Fall at Far-end ; 10-90 Rise Time at Far-end ; 90-10 Fall Time at Far-end ; Monotonic Rise at Far-end ; Monotonic Fall at Far-end ;
+------------+--------------+---------------------+---------------------+------------------------------+------------------------------+---------------------+---------------------+--------------------------------------+--------------------------------------+-----------------------------+-----------------------------+----------------------------+----------------------------+-----------------------------+-----------------------------+--------------------+--------------------+-------------------------------------+-------------------------------------+----------------------------+----------------------------+---------------------------+---------------------------+
; OUTPUT_VAL ; 2.5 V        ; 0 s                 ; 0 s                 ; 2.32 V                       ; 3.88e-05 V                   ; 2.39 V              ; -0.037 V            ; 0.188 V                              ; 0.158 V                              ; 4.67e-10 s                  ; 4.67e-10 s                  ; No                         ; Yes                        ; 2.32 V                      ; 3.88e-05 V                  ; 2.39 V             ; -0.037 V           ; 0.188 V                             ; 0.158 V                             ; 4.67e-10 s                 ; 4.67e-10 s                 ; No                        ; Yes                       ;
+------------+--------------+---------------------+---------------------+------------------------------+------------------------------+---------------------+---------------------+--------------------------------------+--------------------------------------+-----------------------------+-----------------------------+----------------------------+----------------------------+-----------------------------+-----------------------------+--------------------+--------------------+-------------------------------------+-------------------------------------+----------------------------+----------------------------+---------------------------+---------------------------+


+-----------------------------------------------------------------------------------------------------------------------------------------------------------------------------------------------------------------------------------------------------------------------------------------------------------------------------------------------------------------------------------------------------------------------------------------------------------------------------------------------------------------------------------------------------------------------------------------------------------------------------------------------------------------------------------------+
; Signal Integrity Metrics (Fast 1100mv 0c Model)                                                                                                                                                                                                                                                                                                                                                                                                                                                                                                                                                                                                                                         ;
+------------+--------------+---------------------+---------------------+------------------------------+------------------------------+---------------------+---------------------+--------------------------------------+--------------------------------------+-----------------------------+-----------------------------+----------------------------+----------------------------+-----------------------------+-----------------------------+--------------------+--------------------+-------------------------------------+-------------------------------------+----------------------------+----------------------------+---------------------------+---------------------------+
; Pin        ; I/O Standard ; Board Delay on Rise ; Board Delay on Fall ; Steady State Voh at FPGA Pin ; Steady State Vol at FPGA Pin ; Voh Max at FPGA Pin ; Vol Min at FPGA Pin ; Ringback Voltage on Rise at FPGA Pin ; Ringback Voltage on Fall at FPGA Pin ; 10-90 Rise Time at FPGA Pin ; 90-10 Fall Time at FPGA Pin ; Monotonic Rise at FPGA Pin ; Monotonic Fall at FPGA Pin ; Steady State Voh at Far-end ; Steady State Vol at Far-end ; Voh Max at Far-end ; Vol Min at Far-end ; Ringback Voltage on Rise at Far-end ; Ringback Voltage on Fall at Far-end ; 10-90 Rise Time at Far-end ; 90-10 Fall Time at Far-end ; Monotonic Rise at Far-end ; Monotonic Fall at Far-end ;
+------------+--------------+---------------------+---------------------+------------------------------+------------------------------+---------------------+---------------------+--------------------------------------+--------------------------------------+-----------------------------+-----------------------------+----------------------------+----------------------------+-----------------------------+-----------------------------+--------------------+--------------------+-------------------------------------+-------------------------------------+----------------------------+----------------------------+---------------------------+---------------------------+
; OUTPUT_VAL ; 2.5 V        ; 0 s                 ; 0 s                 ; 2.75 V                       ; 4.14e-06 V                   ; 2.91 V              ; -0.121 V            ; 0.326 V                              ; 0.297 V                              ; 2.74e-10 s                  ; 2.8e-10 s                   ; No                         ; No                         ; 2.75 V                      ; 4.14e-06 V                  ; 2.91 V             ; -0.121 V           ; 0.326 V                             ; 0.297 V                             ; 2.74e-10 s                 ; 2.8e-10 s                  ; No                        ; No                        ;
+------------+--------------+---------------------+---------------------+------------------------------+------------------------------+---------------------+---------------------+--------------------------------------+--------------------------------------+-----------------------------+-----------------------------+----------------------------+----------------------------+-----------------------------+-----------------------------+--------------------+--------------------+-------------------------------------+-------------------------------------+----------------------------+----------------------------+---------------------------+---------------------------+


+-----------------------------------------------------------------------------------------------------------------------------------------------------------------------------------------------------------------------------------------------------------------------------------------------------------------------------------------------------------------------------------------------------------------------------------------------------------------------------------------------------------------------------------------------------------------------------------------------------------------------------------------------------------------------------------------+
; Signal Integrity Metrics (Fast 1100mv 85c Model)                                                                                                                                                                                                                                                                                                                                                                                                                                                                                                                                                                                                                                        ;
+------------+--------------+---------------------+---------------------+------------------------------+------------------------------+---------------------+---------------------+--------------------------------------+--------------------------------------+-----------------------------+-----------------------------+----------------------------+----------------------------+-----------------------------+-----------------------------+--------------------+--------------------+-------------------------------------+-------------------------------------+----------------------------+----------------------------+---------------------------+---------------------------+
; Pin        ; I/O Standard ; Board Delay on Rise ; Board Delay on Fall ; Steady State Voh at FPGA Pin ; Steady State Vol at FPGA Pin ; Voh Max at FPGA Pin ; Vol Min at FPGA Pin ; Ringback Voltage on Rise at FPGA Pin ; Ringback Voltage on Fall at FPGA Pin ; 10-90 Rise Time at FPGA Pin ; 90-10 Fall Time at FPGA Pin ; Monotonic Rise at FPGA Pin ; Monotonic Fall at FPGA Pin ; Steady State Voh at Far-end ; Steady State Vol at Far-end ; Voh Max at Far-end ; Vol Min at Far-end ; Ringback Voltage on Rise at Far-end ; Ringback Voltage on Fall at Far-end ; 10-90 Rise Time at Far-end ; 90-10 Fall Time at Far-end ; Monotonic Rise at Far-end ; Monotonic Fall at Far-end ;
+------------+--------------+---------------------+---------------------+------------------------------+------------------------------+---------------------+---------------------+--------------------------------------+--------------------------------------+-----------------------------+-----------------------------+----------------------------+----------------------------+-----------------------------+-----------------------------+--------------------+--------------------+-------------------------------------+-------------------------------------+----------------------------+----------------------------+---------------------------+---------------------------+
; OUTPUT_VAL ; 2.5 V        ; 0 s                 ; 0 s                 ; 2.75 V                       ; 0.000242 V                   ; 2.86 V              ; -0.0814 V           ; 0.36 V                               ; 0.156 V                              ; 3e-10 s                     ; 4.34e-10 s                  ; No                         ; No                         ; 2.75 V                      ; 0.000242 V                  ; 2.86 V             ; -0.0814 V          ; 0.36 V                              ; 0.156 V                             ; 3e-10 s                    ; 4.34e-10 s                 ; No                        ; No                        ;
+------------+--------------+---------------------+---------------------+------------------------------+------------------------------+---------------------+---------------------+--------------------------------------+--------------------------------------+-----------------------------+-----------------------------+----------------------------+----------------------------+-----------------------------+-----------------------------+--------------------+--------------------+-------------------------------------+-------------------------------------+----------------------------+----------------------------+---------------------------+---------------------------+


+-------------------------------------------------------------------------------------------------------------------------+
; Setup Transfers                                                                                                         ;
+--------------------------------------+--------------------------------------+----------+----------+----------+----------+
; From Clock                           ; To Clock                             ; RR Paths ; FR Paths ; RF Paths ; FF Paths ;
+--------------------------------------+--------------------------------------+----------+----------+----------+----------+
; A_RSTn                               ; clk_generator:clk_generation|tmp_clk ; 336      ; 164      ; 0        ; 0        ;
; clk_generator:clk_generation|tmp_clk ; clk_generator:clk_generation|tmp_clk ; 275      ; 0        ; 0        ; 0        ;
; A_RSTn                               ; CLOCK_50                             ; 124      ; 59       ; 0        ; 0        ;
; clk_generator:clk_generation|tmp_clk ; CLOCK_50                             ; 17       ; 1        ; 0        ; 0        ;
; CLOCK_50                             ; CLOCK_50                             ; 65       ; 0        ; 0        ; 0        ;
+--------------------------------------+--------------------------------------+----------+----------+----------+----------+
Entries labeled "false path" only account for clock-to-clock false paths and not path-based false paths. As a result, actual path counts may be lower than reported.


+-------------------------------------------------------------------------------------------------------------------------+
; Hold Transfers                                                                                                          ;
+--------------------------------------+--------------------------------------+----------+----------+----------+----------+
; From Clock                           ; To Clock                             ; RR Paths ; FR Paths ; RF Paths ; FF Paths ;
+--------------------------------------+--------------------------------------+----------+----------+----------+----------+
; A_RSTn                               ; clk_generator:clk_generation|tmp_clk ; 336      ; 164      ; 0        ; 0        ;
; clk_generator:clk_generation|tmp_clk ; clk_generator:clk_generation|tmp_clk ; 275      ; 0        ; 0        ; 0        ;
; A_RSTn                               ; CLOCK_50                             ; 124      ; 59       ; 0        ; 0        ;
; clk_generator:clk_generation|tmp_clk ; CLOCK_50                             ; 17       ; 1        ; 0        ; 0        ;
; CLOCK_50                             ; CLOCK_50                             ; 65       ; 0        ; 0        ; 0        ;
+--------------------------------------+--------------------------------------+----------+----------+----------+----------+
Entries labeled "false path" only account for clock-to-clock false paths and not path-based false paths. As a result, actual path counts may be lower than reported.


+-----------------------------------------------------------------------------------------------+
; Recovery Transfers                                                                            ;
+------------+--------------------------------------+----------+----------+----------+----------+
; From Clock ; To Clock                             ; RR Paths ; FR Paths ; RF Paths ; FF Paths ;
+------------+--------------------------------------+----------+----------+----------+----------+
; A_RSTn     ; clk_generator:clk_generation|tmp_clk ; 18       ; 18       ; 0        ; 0        ;
; A_RSTn     ; CLOCK_50                             ; 11       ; 11       ; 0        ; 0        ;
+------------+--------------------------------------+----------+----------+----------+----------+
Entries labeled "false path" only account for clock-to-clock false paths and not path-based false paths. As a result, actual path counts may be lower than reported.


+-----------------------------------------------------------------------------------------------+
; Removal Transfers                                                                             ;
+------------+--------------------------------------+----------+----------+----------+----------+
; From Clock ; To Clock                             ; RR Paths ; FR Paths ; RF Paths ; FF Paths ;
+------------+--------------------------------------+----------+----------+----------+----------+
; A_RSTn     ; clk_generator:clk_generation|tmp_clk ; 18       ; 18       ; 0        ; 0        ;
; A_RSTn     ; CLOCK_50                             ; 11       ; 11       ; 0        ; 0        ;
+------------+--------------------------------------+----------+----------+----------+----------+
Entries labeled "false path" only account for clock-to-clock false paths and not path-based false paths. As a result, actual path counts may be lower than reported.


---------------
; Report TCCS ;
---------------
No dedicated SERDES Transmitter circuitry present in device or used in design


---------------
; Report RSKM ;
---------------
No non-DPA dedicated SERDES Receiver circuitry present in device or used in design


+------------------------------------------------+
; Unconstrained Paths Summary                    ;
+---------------------------------+-------+------+
; Property                        ; Setup ; Hold ;
+---------------------------------+-------+------+
; Illegal Clocks                  ; 0     ; 0    ;
; Unconstrained Clocks            ; 0     ; 0    ;
; Unconstrained Input Ports       ; 10    ; 10   ;
; Unconstrained Input Port Paths  ; 112   ; 112  ;
; Unconstrained Output Ports      ; 1     ; 1    ;
; Unconstrained Output Port Paths ; 1     ; 1    ;
+---------------------------------+-------+------+


+--------------------------------------------------------------------------------------------------+
; Clock Status Summary                                                                             ;
+--------------------------------------+--------------------------------------+------+-------------+
; Target                               ; Clock                                ; Type ; Status      ;
+--------------------------------------+--------------------------------------+------+-------------+
; A_RSTn                               ; A_RSTn                               ; Base ; Constrained ;
; CLOCK_50                             ; CLOCK_50                             ; Base ; Constrained ;
; clk_generator:clk_generation|tmp_clk ; clk_generator:clk_generation|tmp_clk ; Base ; Constrained ;
+--------------------------------------+--------------------------------------+------+-------------+


+-----------------------------------------------------------------------------------------------------+
; Unconstrained Input Ports                                                                           ;
+--------------+--------------------------------------------------------------------------------------+
; Input Port   ; Comment                                                                              ;
+--------------+--------------------------------------------------------------------------------------+
; INPUT_VAL[0] ; No input delay, min/max delays, false-path exceptions, or max skew assignments found ;
; INPUT_VAL[1] ; No input delay, min/max delays, false-path exceptions, or max skew assignments found ;
; INPUT_VAL[2] ; No input delay, min/max delays, false-path exceptions, or max skew assignments found ;
; INPUT_VAL[3] ; No input delay, min/max delays, false-path exceptions, or max skew assignments found ;
; INPUT_VAL[4] ; No input delay, min/max delays, false-path exceptions, or max skew assignments found ;
; INPUT_VAL[5] ; No input delay, min/max delays, false-path exceptions, or max skew assignments found ;
; INPUT_VAL[6] ; No input delay, min/max delays, false-path exceptions, or max skew assignments found ;
; INPUT_VAL[7] ; No input delay, min/max delays, false-path exceptions, or max skew assignments found ;
; freq[0]      ; No input delay, min/max delays, false-path exceptions, or max skew assignments found ;
; freq[1]      ; No input delay, min/max delays, false-path exceptions, or max skew assignments found ;
+--------------+--------------------------------------------------------------------------------------+


+-----------------------------------------------------------------------------------------------------+
; Unconstrained Output Ports                                                                          ;
+-------------+---------------------------------------------------------------------------------------+
; Output Port ; Comment                                                                               ;
+-------------+---------------------------------------------------------------------------------------+
; OUTPUT_VAL  ; No output delay, min/max delays, false-path exceptions, or max skew assignments found ;
+-------------+---------------------------------------------------------------------------------------+


+-----------------------------------------------------------------------------------------------------+
; Unconstrained Input Ports                                                                           ;
+--------------+--------------------------------------------------------------------------------------+
; Input Port   ; Comment                                                                              ;
+--------------+--------------------------------------------------------------------------------------+
; INPUT_VAL[0] ; No input delay, min/max delays, false-path exceptions, or max skew assignments found ;
; INPUT_VAL[1] ; No input delay, min/max delays, false-path exceptions, or max skew assignments found ;
; INPUT_VAL[2] ; No input delay, min/max delays, false-path exceptions, or max skew assignments found ;
; INPUT_VAL[3] ; No input delay, min/max delays, false-path exceptions, or max skew assignments found ;
; INPUT_VAL[4] ; No input delay, min/max delays, false-path exceptions, or max skew assignments found ;
; INPUT_VAL[5] ; No input delay, min/max delays, false-path exceptions, or max skew assignments found ;
; INPUT_VAL[6] ; No input delay, min/max delays, false-path exceptions, or max skew assignments found ;
; INPUT_VAL[7] ; No input delay, min/max delays, false-path exceptions, or max skew assignments found ;
; freq[0]      ; No input delay, min/max delays, false-path exceptions, or max skew assignments found ;
; freq[1]      ; No input delay, min/max delays, false-path exceptions, or max skew assignments found ;
+--------------+--------------------------------------------------------------------------------------+


+-----------------------------------------------------------------------------------------------------+
; Unconstrained Output Ports                                                                          ;
+-------------+---------------------------------------------------------------------------------------+
; Output Port ; Comment                                                                               ;
+-------------+---------------------------------------------------------------------------------------+
; OUTPUT_VAL  ; No output delay, min/max delays, false-path exceptions, or max skew assignments found ;
+-------------+---------------------------------------------------------------------------------------+


+------------------------------------+
; TimeQuest Timing Analyzer Messages ;
+------------------------------------+
Info: *******************************************************************
Info: Running Quartus Prime TimeQuest Timing Analyzer
    Info: Version 16.1.0 Build 196 10/24/2016 SJ Lite Edition
    Info: Processing started: Sun Jan 07 16:10:14 2024
Info: Command: quartus_sta PWM_da_conversion -c PWM_da_conversion
Info: qsta_default_script.tcl version: #1
Warning (18236): Number of processors has not been specified which may cause overloading on shared machines.  Set the global assignment NUM_PARALLEL_PROCESSORS in your QSF to an appropriate value for best performance.
Info (20030): Parallel compilation is enabled and will use 10 of the 10 processors detected
Info (21077): Low junction temperature is 0 degrees C
Info (21077): High junction temperature is 85 degrees C
Warning (335093): TimeQuest Timing Analyzer is analyzing 15 combinational loops as latches. For more details, run the Check Timing command in the TimeQuest Timing Analyzer or view the "User-Specified and Inferred Latches" table in the Analysis & Synthesis report.
Critical Warning (332012): Synopsys Design Constraints File file not found: 'PWM_da_conversion.sdc'. A Synopsys Design Constraints File is required by the TimeQuest Timing Analyzer to get proper timing constraints. Without it, the Compiler will not properly optimize the design.
Info (332142): No user constrained base clocks found in the design. Calling "derive_clocks -period 1.0"
Info (332105): Deriving Clocks
    Info (332105): create_clock -period 1.000 -name clk_generator:clk_generation|tmp_clk clk_generator:clk_generation|tmp_clk
    Info (332105): create_clock -period 1.000 -name CLOCK_50 CLOCK_50
    Info (332105): create_clock -period 1.000 -name A_RSTn A_RSTn
Info (332143): No user constrained clock uncertainty found in the design. Calling "derive_clock_uncertainty"
Info (332123): Deriving Clock Uncertainty. Please refer to report_sdc in TimeQuest to see clock uncertainties.
Info: Found TIMEQUEST_REPORT_SCRIPT_INCLUDE_DEFAULT_ANALYSIS = ON
Info: Analyzing Slow 1100mV 85C Model
Critical Warning (332148): Timing requirements not met
    Info (11105): For recommendations on closing timing, run Report Timing Closure Recommendations in the TimeQuest Timing Analyzer.
Info (332146): Worst-case setup slack is -5.352
    Info (332119):     Slack       End Point TNS Clock 
    Info (332119): ========= =================== =====================
    Info (332119):    -5.352             -64.019 clk_generator:clk_generation|tmp_clk 
    Info (332119):    -4.207             -39.273 CLOCK_50 
Info (332146): Worst-case hold slack is -1.338
    Info (332119):     Slack       End Point TNS Clock 
    Info (332119): ========= =================== =====================
    Info (332119):    -1.338              -3.850 CLOCK_50 
    Info (332119):     0.888               0.000 clk_generator:clk_generation|tmp_clk 
Info (332146): Worst-case recovery slack is -3.165
    Info (332119):     Slack       End Point TNS Clock 
    Info (332119): ========= =================== =====================
    Info (332119):    -3.165             -27.697 CLOCK_50 
    Info (332119):    -2.222             -36.871 clk_generator:clk_generation|tmp_clk 
Info (332146): Worst-case removal slack is 0.817
    Info (332119):     Slack       End Point TNS Clock 
    Info (332119): ========= =================== =====================
    Info (332119):     0.817               0.000 CLOCK_50 
    Info (332119):     1.076               0.000 clk_generator:clk_generation|tmp_clk 
Info (332146): Worst-case minimum pulse width slack is -0.394
    Info (332119):     Slack       End Point TNS Clock 
    Info (332119): ========= =================== =====================
    Info (332119):    -0.394              -9.631 clk_generator:clk_generation|tmp_clk 
    Info (332119):    -0.394              -6.398 CLOCK_50 
    Info (332119):     0.271               0.000 A_RSTn 
Info: Analyzing Slow 1100mV 0C Model
Info (334003): Started post-fitting delay annotation
Info (334004): Delay annotation completed successfully
Info (332123): Deriving Clock Uncertainty. Please refer to report_sdc in TimeQuest to see clock uncertainties.
Critical Warning (332148): Timing requirements not met
    Info (11105): For recommendations on closing timing, run Report Timing Closure Recommendations in the TimeQuest Timing Analyzer.
Info (332146): Worst-case setup slack is -5.319
    Info (332119):     Slack       End Point TNS Clock 
    Info (332119): ========= =================== =====================
    Info (332119):    -5.319             -63.751 clk_generator:clk_generation|tmp_clk 
    Info (332119):    -4.335             -38.509 CLOCK_50 
Info (332146): Worst-case hold slack is -1.420
    Info (332119):     Slack       End Point TNS Clock 
    Info (332119): ========= =================== =====================
    Info (332119):    -1.420              -4.336 CLOCK_50 
    Info (332119):     0.890               0.000 clk_generator:clk_generation|tmp_clk 
Info (332146): Worst-case recovery slack is -3.102
    Info (332119):     Slack       End Point TNS Clock 
    Info (332119): ========= =================== =====================
    Info (332119):    -3.102             -25.051 CLOCK_50 
    Info (332119):    -2.243             -37.378 clk_generator:clk_generation|tmp_clk 
Info (332146): Worst-case removal slack is 0.553
    Info (332119):     Slack       End Point TNS Clock 
    Info (332119): ========= =================== =====================
    Info (332119):     0.553               0.000 CLOCK_50 
    Info (332119):     1.155               0.000 clk_generator:clk_generation|tmp_clk 
Info (332146): Worst-case minimum pulse width slack is -0.394
    Info (332119):     Slack       End Point TNS Clock 
    Info (332119): ========= =================== =====================
    Info (332119):    -0.394              -9.519 clk_generator:clk_generation|tmp_clk 
    Info (332119):    -0.394              -6.928 CLOCK_50 
    Info (332119):     0.272               0.000 A_RSTn 
Info: Analyzing Fast 1100mV 85C Model
Info (334003): Started post-fitting delay annotation
Info (334004): Delay annotation completed successfully
Info (332123): Deriving Clock Uncertainty. Please refer to report_sdc in TimeQuest to see clock uncertainties.
Critical Warning (332148): Timing requirements not met
    Info (11105): For recommendations on closing timing, run Report Timing Closure Recommendations in the TimeQuest Timing Analyzer.
Info (332146): Worst-case setup slack is -3.382
    Info (332119):     Slack       End Point TNS Clock 
    Info (332119): ========= =================== =====================
    Info (332119):    -3.382             -36.499 clk_generator:clk_generation|tmp_clk 
    Info (332119):    -2.723             -26.073 CLOCK_50 
Info (332146): Worst-case hold slack is -0.837
    Info (332119):     Slack       End Point TNS Clock 
    Info (332119): ========= =================== =====================
    Info (332119):    -0.837              -2.532 CLOCK_50 
    Info (332119):     0.413               0.000 clk_generator:clk_generation|tmp_clk 
Info (332146): Worst-case recovery slack is -2.444
    Info (332119):     Slack       End Point TNS Clock 
    Info (332119): ========= =================== =====================
    Info (332119):    -2.444             -22.325 CLOCK_50 
    Info (332119):    -1.492             -24.659 clk_generator:clk_generation|tmp_clk 
Info (332146): Worst-case removal slack is 0.405
    Info (332119):     Slack       End Point TNS Clock 
    Info (332119): ========= =================== =====================
    Info (332119):     0.405               0.000 clk_generator:clk_generation|tmp_clk 
    Info (332119):     0.530               0.000 CLOCK_50 
Info (332146): Worst-case minimum pulse width slack is -0.277
    Info (332119):     Slack       End Point TNS Clock 
    Info (332119): ========= =================== =====================
    Info (332119):    -0.277              -1.122 CLOCK_50 
    Info (332119):     0.005               0.000 A_RSTn 
    Info (332119):     0.081               0.000 clk_generator:clk_generation|tmp_clk 
Info: Analyzing Fast 1100mV 0C Model
Info (332123): Deriving Clock Uncertainty. Please refer to report_sdc in TimeQuest to see clock uncertainties.
Critical Warning (332148): Timing requirements not met
    Info (11105): For recommendations on closing timing, run Report Timing Closure Recommendations in the TimeQuest Timing Analyzer.
Info (332146): Worst-case setup slack is -3.218
    Info (332119):     Slack       End Point TNS Clock 
    Info (332119): ========= =================== =====================
    Info (332119):    -3.218             -34.028 clk_generator:clk_generation|tmp_clk 
    Info (332119):    -2.551             -23.741 CLOCK_50 
Info (332146): Worst-case hold slack is -0.937
    Info (332119):     Slack       End Point TNS Clock 
    Info (332119): ========= =================== =====================
    Info (332119):    -0.937              -2.800 CLOCK_50 
    Info (332119):     0.383               0.000 clk_generator:clk_generation|tmp_clk 
Info (332146): Worst-case recovery slack is -2.208
    Info (332119):     Slack       End Point TNS Clock 
    Info (332119): ========= =================== =====================
    Info (332119):    -2.208             -19.287 CLOCK_50 
    Info (332119):    -1.499             -25.030 clk_generator:clk_generation|tmp_clk 
Info (332146): Worst-case removal slack is 0.330
    Info (332119):     Slack       End Point TNS Clock 
    Info (332119): ========= =================== =====================
    Info (332119):     0.330               0.000 CLOCK_50 
    Info (332119):     0.452               0.000 clk_generator:clk_generation|tmp_clk 
Info (332146): Worst-case minimum pulse width slack is -0.283
    Info (332119):     Slack       End Point TNS Clock 
    Info (332119): ========= =================== =====================
    Info (332119):    -0.283              -1.134 CLOCK_50 
    Info (332119):     0.005               0.000 A_RSTn 
    Info (332119):     0.098               0.000 clk_generator:clk_generation|tmp_clk 
Info (332102): Design is not fully constrained for setup requirements
Info (332102): Design is not fully constrained for hold requirements
Info: Quartus Prime TimeQuest Timing Analyzer was successful. 0 errors, 7 warnings
    Info: Peak virtual memory: 5209 megabytes
    Info: Processing ended: Sun Jan 07 16:10:18 2024
    Info: Elapsed time: 00:00:04
    Info: Total CPU time (on all processors): 00:00:01


