Archive member included to satisfy reference by file (symbol)

c:/intelfpga_lite/16.1/nios2eds/bin/gnu/h-x86_64-mingw32/bin/../lib/gcc/nios2-elf/5.3.0/mno-hw-mul\libgcc.a(_muldi3.o)
                              obj/default/dac_es2_bsp/HAL/src/alt_gettod.o (__muldi3)
c:/intelfpga_lite/16.1/nios2eds/bin/gnu/h-x86_64-mingw32/bin/../lib/gcc/nios2-elf/5.3.0/mno-hw-mul\libgcc.a(_umoddi3.o)
                              obj/default/dac_es2_bsp/HAL/src/alt_gettod.o (__umoddi3)
c:/intelfpga_lite/16.1/nios2eds/bin/gnu/h-x86_64-mingw32/bin/../lib/gcc/nios2-elf/5.3.0/mno-hw-mul\libgcc.a(lib2-divmod.o)
                              obj/default/dac_es2_bsp/HAL/src/alt_busy_sleep.o (__udivsi3)
c:/intelfpga_lite/16.1/nios2eds/bin/gnu/h-x86_64-mingw32/bin/../lib/gcc/nios2-elf/5.3.0/mno-hw-mul\libgcc.a(lib2-mul.o)
                              obj/default/dac_es2_bsp/HAL/src/alt_busy_sleep.o (__mulsi3)
c:/intelfpga_lite/16.1/nios2eds/bin/gnu/h-x86_64-mingw32/bin/../lib/gcc/nios2-elf/5.3.0/mno-hw-mul\libgcc.a(_clz.o)
                              c:/intelfpga_lite/16.1/nios2eds/bin/gnu/h-x86_64-mingw32/bin/../lib/gcc/nios2-elf/5.3.0/mno-hw-mul\libgcc.a(_umoddi3.o) (__clz_tab)
c:/intelfpga_lite/16.1/nios2eds/bin/gnu/h-x86_64-mingw32/bin/../lib/gcc/nios2-elf/5.3.0/../../../../../H-x86_64-mingw32/nios2-elf/lib/mno-hw-mul\libc.a(lib_a-atexit.o)
                              obj/default/dac_es2_bsp/HAL/src/alt_main.o (atexit)
c:/intelfpga_lite/16.1/nios2eds/bin/gnu/h-x86_64-mingw32/bin/../lib/gcc/nios2-elf/5.3.0/../../../../../H-x86_64-mingw32/nios2-elf/lib/mno-hw-mul\libc.a(lib_a-exit.o)
                              obj/default/dac_es2_bsp/HAL/src/alt_main.o (exit)
c:/intelfpga_lite/16.1/nios2eds/bin/gnu/h-x86_64-mingw32/bin/../lib/gcc/nios2-elf/5.3.0/../../../../../H-x86_64-mingw32/nios2-elf/lib/mno-hw-mul\libc.a(lib_a-fputs.o)
                              obj/default/dac_es2_bsp/HAL/src/alt_putstr.o (fputs)
c:/intelfpga_lite/16.1/nios2eds/bin/gnu/h-x86_64-mingw32/bin/../lib/gcc/nios2-elf/5.3.0/../../../../../H-x86_64-mingw32/nios2-elf/lib/mno-hw-mul\libc.a(lib_a-fvwrite.o)
                              c:/intelfpga_lite/16.1/nios2eds/bin/gnu/h-x86_64-mingw32/bin/../lib/gcc/nios2-elf/5.3.0/../../../../../H-x86_64-mingw32/nios2-elf/lib/mno-hw-mul\libc.a(lib_a-fputs.o) (__sfvwrite_r)
c:/intelfpga_lite/16.1/nios2eds/bin/gnu/h-x86_64-mingw32/bin/../lib/gcc/nios2-elf/5.3.0/../../../../../H-x86_64-mingw32/nios2-elf/lib/mno-hw-mul\libc.a(lib_a-getc.o)
                              obj/default/dac_es2_bsp/HAL/src/alt_getchar.o (getc)
c:/intelfpga_lite/16.1/nios2eds/bin/gnu/h-x86_64-mingw32/bin/../lib/gcc/nios2-elf/5.3.0/../../../../../H-x86_64-mingw32/nios2-elf/lib/mno-hw-mul\libc.a(lib_a-impure.o)
                              c:/intelfpga_lite/16.1/nios2eds/bin/gnu/h-x86_64-mingw32/bin/../lib/gcc/nios2-elf/5.3.0/../../../../../H-x86_64-mingw32/nios2-elf/lib/mno-hw-mul\libc.a(lib_a-exit.o) (_global_impure_ptr)
c:/intelfpga_lite/16.1/nios2eds/bin/gnu/h-x86_64-mingw32/bin/../lib/gcc/nios2-elf/5.3.0/../../../../../H-x86_64-mingw32/nios2-elf/lib/mno-hw-mul\libc.a(lib_a-int_errno.o)
                              obj/default/dac_es2_bsp/HAL/src/alt_close.o (errno)
c:/intelfpga_lite/16.1/nios2eds/bin/gnu/h-x86_64-mingw32/bin/../lib/gcc/nios2-elf/5.3.0/../../../../../H-x86_64-mingw32/nios2-elf/lib/mno-hw-mul\libc.a(lib_a-malloc.o)
                              obj/default/dac_es2_bsp/HAL/src/alt_uncached_malloc.o (malloc)
c:/intelfpga_lite/16.1/nios2eds/bin/gnu/h-x86_64-mingw32/bin/../lib/gcc/nios2-elf/5.3.0/../../../../../H-x86_64-mingw32/nios2-elf/lib/mno-hw-mul\libc.a(lib_a-mallocr.o)
                              c:/intelfpga_lite/16.1/nios2eds/bin/gnu/h-x86_64-mingw32/bin/../lib/gcc/nios2-elf/5.3.0/../../../../../H-x86_64-mingw32/nios2-elf/lib/mno-hw-mul\libc.a(lib_a-fvwrite.o) (_malloc_r)
c:/intelfpga_lite/16.1/nios2eds/bin/gnu/h-x86_64-mingw32/bin/../lib/gcc/nios2-elf/5.3.0/../../../../../H-x86_64-mingw32/nios2-elf/lib/mno-hw-mul\libc.a(lib_a-memchr.o)
                              c:/intelfpga_lite/16.1/nios2eds/bin/gnu/h-x86_64-mingw32/bin/../lib/gcc/nios2-elf/5.3.0/../../../../../H-x86_64-mingw32/nios2-elf/lib/mno-hw-mul\libc.a(lib_a-fvwrite.o) (memchr)
c:/intelfpga_lite/16.1/nios2eds/bin/gnu/h-x86_64-mingw32/bin/../lib/gcc/nios2-elf/5.3.0/../../../../../H-x86_64-mingw32/nios2-elf/lib/mno-hw-mul\libc.a(lib_a-memcmp.o)
                              obj/default/dac_es2_bsp/HAL/src/alt_find_dev.o (memcmp)
c:/intelfpga_lite/16.1/nios2eds/bin/gnu/h-x86_64-mingw32/bin/../lib/gcc/nios2-elf/5.3.0/../../../../../H-x86_64-mingw32/nios2-elf/lib/mno-hw-mul\libc.a(lib_a-memcpy.o)
                              obj/default/dac_es2/main.o (memcpy)
c:/intelfpga_lite/16.1/nios2eds/bin/gnu/h-x86_64-mingw32/bin/../lib/gcc/nios2-elf/5.3.0/../../../../../H-x86_64-mingw32/nios2-elf/lib/mno-hw-mul\libc.a(lib_a-memmove.o)
[...]
Memory Configuration

Name             Origin             Length             Attributes
reset            0x0000000000000000 0x0000000000000020
onchip_memory2_0 0x0000000000000020 0x0000000000000fe0
new_sdram_controller_0 0x0000000008000000 0x0000000001000000
*default*        0x0000000000000000 0xffffffffffffffff

Linker script and memory map

LOAD ../lab6_es1_bsp//obj/HAL/src/crt0.o
LOAD obj/default/dac_es2/main.o
LOAD obj/default/dac_es2_bsp/HAL/src/alt_alarm_start.o
LOAD obj/default/dac_es2_bsp/HAL/src/alt_busy_sleep.o
LOAD obj/default/dac_es2_bsp/HAL/src/alt_close.o
LOAD obj/default/dac_es2_bsp/HAL/src/alt_dcache_flush.o
LOAD obj/default/dac_es2_bsp/HAL/src/alt_dcache_flush_all.o
LOAD obj/default/dac_es2_bsp/HAL/src/alt_dcache_flush_no_writeback.o
LOAD obj/default/dac_es2_bsp/HAL/src/alt_dev.o
LOAD obj/default/dac_es2_bsp/HAL/src/alt_dev_llist_insert.o
LOAD obj/default/dac_es2_bsp/HAL/src/alt_dma_rxchan_open.o
LOAD obj/default/dac_es2_bsp/HAL/src/alt_dma_txchan_open.o
LOAD obj/default/dac_es2_bsp/HAL/src/alt_do_ctors.o
LOAD obj/default/dac_es2_bsp/HAL/src/alt_do_dtors.o
LOAD obj/default/dac_es2_bsp/HAL/src/alt_ecc_fatal_exception.o
LOAD obj/default/dac_es2_bsp/HAL/src/alt_env_lock.o
LOAD obj/default/dac_es2_bsp/HAL/src/alt_environ.o
LOAD obj/default/dac_es2_bsp/HAL/src/alt_errno.o
LOAD obj/default/dac_es2_bsp/HAL/src/alt_execve.o
LOAD obj/default/dac_es2_bsp/HAL/src/alt_exit.o
LOAD obj/default/dac_es2_bsp/HAL/src/alt_fcntl.o
LOAD obj/default/dac_es2_bsp/HAL/src/alt_fd_lock.o
LOAD obj/default/dac_es2_bsp/HAL/src/alt_fd_unlock.o
LOAD obj/default/dac_es2_bsp/HAL/src/alt_find_dev.o
LOAD obj/default/dac_es2_bsp/HAL/src/alt_find_file.o
LOAD obj/default/dac_es2_bsp/HAL/src/alt_flash_dev.o
LOAD obj/default/dac_es2_bsp/HAL/src/alt_fork.o
LOAD obj/default/dac_es2_bsp/HAL/src/alt_fs_reg.o
LOAD obj/default/dac_es2_bsp/HAL/src/alt_fstat.o
LOAD obj/default/dac_es2_bsp/HAL/src/alt_get_fd.o
LOAD obj/default/dac_es2_bsp/HAL/src/alt_getchar.o
LOAD obj/default/dac_es2_bsp/HAL/src/alt_getpid.o
LOAD obj/default/dac_es2_bsp/HAL/src/alt_gettod.o
LOAD obj/default/dac_es2_bsp/HAL/src/alt_gmon.o
LOAD obj/default/dac_es2_bsp/HAL/src/alt_icache_flush.o
LOAD obj/default/dac_es2_bsp/HAL/src/alt_icache_flush_all.o
LOAD obj/default/dac_es2_bsp/HAL/src/alt_iic.o
LOAD obj/default/dac_es2_bsp/HAL/src/alt_iic_isr_register.o
LOAD obj/default/dac_es2_bsp/HAL/src/alt_instruction_exception_entry.o
LOAD obj/default/dac_es2_bsp/HAL/src/alt_instruction_exception_register.o
LOAD obj/default/dac_es2_bsp/HAL/src/alt_io_redirect.o
LOAD obj/default/dac_es2_bsp/HAL/src/alt_ioctl.o
LOAD obj/default/dac_es2_bsp/HAL/src/alt_irq_handler.o
LOAD obj/default/dac_es2_bsp/HAL/src/alt_irq_register.o
LOAD obj/default/dac_es2_bsp/HAL/src/alt_irq_vars.o
LOAD obj/default/dac_es2_bsp/HAL/src/alt_isatty.o
LOAD obj/default/dac_es2_bsp/HAL/src/alt_kill.o
LOAD obj/default/dac_es2_bsp/HAL/src/alt_link.o
LOAD obj/default/dac_es2_bsp/HAL/src/alt_load.o
LOAD obj/default/dac_es2_bsp/HAL/src/alt_log_printf.o
LOAD obj/default/dac_es2_bsp/HAL/src/alt_lseek.o
LOAD obj/default/dac_es2_bsp/HAL/src/alt_main.o
LOAD obj/default/dac_es2_bsp/HAL/src/alt_malloc_lock.o
LOAD obj/default/dac_es2_bsp/HAL/src/alt_open.o
LOAD obj/default/dac_es2_bsp/HAL/src/alt_printf.o
LOAD obj/default/dac_es2_bsp/HAL/src/alt_putchar.o
LOAD obj/default/dac_es2_bsp/HAL/src/alt_putcharbuf.o
LOAD obj/default/dac_es2_bsp/HAL/src/alt_putstr.o
LOAD obj/default/dac_es2_bsp/HAL/src/alt_read.o
LOAD obj/default/dac_es2_bsp/HAL/src/alt_release_fd.o
LOAD obj/default/dac_es2_bsp/HAL/src/alt_remap_cached.o
LOAD obj/default/dac_es2_bsp/HAL/src/alt_remap_uncached.o
LOAD obj/default/dac_es2_bsp/HAL/src/alt_rename.o
LOAD obj/default/dac_es2_bsp/HAL/src/alt_sbrk.o
LOAD obj/default/dac_es2_bsp/HAL/src/alt_settod.o
LOAD obj/default/dac_es2_bsp/HAL/src/alt_stat.o
LOAD obj/default/dac_es2_bsp/HAL/src/alt_tick.o
LOAD obj/default/dac_es2_bsp/HAL/src/alt_times.o
LOAD obj/default/dac_es2_bsp/HAL/src/alt_uncached_free.o
LOAD obj/default/dac_es2_bsp/HAL/src/alt_uncached_malloc.o
LOAD obj/default/dac_es2_bsp/HAL/src/alt_unlink.o
LOAD obj/default/dac_es2_bsp/HAL/src/alt_usleep.o
LOAD obj/default/dac_es2_bsp/HAL/src/alt_wait.o
LOAD obj/default/dac_es2_bsp/HAL/src/alt_write.o
LOAD obj/default/dac_es2_bsp/HAL/src/altera_nios2_qsys_irq.o
LOAD obj/default/dac_es2_bsp/alt_sys_init.o
LOAD obj/default/dac_es2_bsp/drivers/src/altera_avalon_jtag_uart_fd.o
LOAD obj/default/dac_es2_bsp/drivers/src/altera_avalon_jtag_uart_init.o
LOAD obj/default/dac_es2_bsp/drivers/src/altera_avalon_jtag_uart_ioctl.o
LOAD obj/default/dac_es2_bsp/drivers/src/altera_avalon_jtag_uart_read.o
LOAD obj/default/dac_es2_bsp/drivers/src/altera_avalon_jtag_uart_write.o
LOAD obj/default/dac_es2_bsp/drivers/src/altera_avalon_timer_sc.o
LOAD obj/default/dac_es2_bsp/drivers/src/altera_avalon_timer_ts.o
LOAD obj/default/dac_es2_bsp/drivers/src/altera_avalon_timer_vars.o
LOAD obj/default/lab6_es2/HAL/src/alt_alarm_start.o
LOAD obj/default/lab6_es2/HAL/src/alt_busy_sleep.o
LOAD obj/default/lab6_es2/HAL/src/alt_close.o
LOAD obj/default/lab6_es2/HAL/src/alt_dcache_flush.o
LOAD obj/default/lab6_es2/HAL/src/alt_dcache_flush_all.o
LOAD obj/default/lab6_es2/HAL/src/alt_dcache_flush_no_writeback.o
LOAD obj/default/lab6_es2/HAL/src/alt_dev.o
LOAD obj/default/lab6_es2/HAL/src/alt_dev_llist_insert.o
LOAD obj/default/lab6_es2/HAL/src/alt_dma_rxchan_open.o
LOAD obj/default/lab6_es2/HAL/src/alt_dma_txchan_open.o
LOAD obj/default/lab6_es2/HAL/src/alt_do_ctors.o
LOAD obj/default/lab6_es2/HAL/src/alt_do_dtors.o
LOAD obj/default/lab6_es2/HAL/src/alt_ecc_fatal_exception.o
LOAD obj/default/lab6_es2/HAL/src/alt_env_lock.o
LOAD obj/default/lab6_es2/HAL/src/alt_environ.o
LOAD obj/default/lab6_es2/HAL/src/alt_errno.o
LOAD obj/default/lab6_es2/HAL/src/alt_execve.o
LOAD obj/default/lab6_es2/HAL/src/alt_exit.o
LOAD obj/default/lab6_es2/HAL/src/alt_fcntl.o
LOAD obj/default/lab6_es2/HAL/src/alt_fd_lock.o
LOAD obj/default/lab6_es2/HAL/src/alt_fd_unlock.o
LOAD obj/default/lab6_es2/HAL/src/alt_find_dev.o
LOAD obj/default/lab6_es2/HAL/src/alt_find_file.o
LOAD obj/default/lab6_es2/HAL/src/alt_flash_dev.o
LOAD obj/default/lab6_es2/HAL/src/alt_fork.o
LOAD obj/default/lab6_es2/HAL/src/alt_fs_reg.o
LOAD obj/default/lab6_es2/HAL/src/alt_fstat.o
LOAD obj/default/lab6_es2/HAL/src/alt_get_fd.o
LOAD obj/default/lab6_es2/HAL/src/alt_getchar.o
LOAD obj/default/lab6_es2/HAL/src/alt_getpid.o
LOAD obj/default/lab6_es2/HAL/src/alt_gettod.o
LOAD obj/default/lab6_es2/HAL/src/alt_gmon.o
LOAD obj/default/lab6_es2/HAL/src/alt_icache_flush.o
LOAD obj/default/lab6_es2/HAL/src/alt_icache_flush_all.o
LOAD obj/default/lab6_es2/HAL/src/alt_iic.o
LOAD obj/default/lab6_es2/HAL/src/alt_iic_isr_register.o
LOAD obj/default/lab6_es2/HAL/src/alt_instruction_exception_entry.o
LOAD obj/default/lab6_es2/HAL/src/alt_instruction_exception_register.o
LOAD obj/default/lab6_es2/HAL/src/alt_io_redirect.o
LOAD obj/default/lab6_es2/HAL/src/alt_ioctl.o
LOAD obj/default/lab6_es2/HAL/src/alt_irq_handler.o
LOAD obj/default/lab6_es2/HAL/src/alt_irq_register.o
LOAD obj/default/lab6_es2/HAL/src/alt_irq_vars.o
LOAD obj/default/lab6_es2/HAL/src/alt_isatty.o
LOAD obj/default/lab6_es2/HAL/src/alt_kill.o
LOAD obj/default/lab6_es2/HAL/src/alt_link.o
LOAD obj/default/lab6_es2/HAL/src/alt_load.o
LOAD obj/default/lab6_es2/HAL/src/alt_log_printf.o
LOAD obj/default/lab6_es2/HAL/src/alt_lseek.o
LOAD obj/default/lab6_es2/HAL/src/alt_main.o
LOAD obj/default/lab6_es2/HAL/src/alt_malloc_lock.o
LOAD obj/default/lab6_es2/HAL/src/alt_open.o
LOAD obj/default/lab6_es2/HAL/src/alt_printf.o
LOAD obj/default/lab6_es2/HAL/src/alt_putchar.o
LOAD obj/default/lab6_es2/HAL/src/alt_putcharbuf.o
LOAD obj/default/lab6_es2/HAL/src/alt_putstr.o
LOAD obj/default/lab6_es2/HAL/src/alt_read.o
LOAD obj/default/lab6_es2/HAL/src/alt_release_fd.o
LOAD obj/default/lab6_es2/HAL/src/alt_remap_cached.o
LOAD obj/default/lab6_es2/HAL/src/alt_remap_uncached.o
LOAD obj/default/lab6_es2/HAL/src/alt_rename.o
LOAD obj/default/lab6_es2/HAL/src/alt_sbrk.o
LOAD obj/default/lab6_es2/HAL/src/alt_settod.o
LOAD obj/default/lab6_es2/HAL/src/alt_stat.o
LOAD obj/default/lab6_es2/HAL/src/alt_tick.o
LOAD obj/default/lab6_es2/HAL/src/alt_times.o
LOAD obj/default/lab6_es2/HAL/src/alt_uncached_free.o
LOAD obj/default/lab6_es2/HAL/src/alt_uncached_malloc.o
LOAD obj/default/lab6_es2/HAL/src/alt_unlink.o
LOAD obj/default/lab6_es2/HAL/src/alt_usleep.o
LOAD obj/default/lab6_es2/HAL/src/alt_wait.o
LOAD obj/default/lab6_es2/HAL/src/alt_write.o
LOAD obj/default/lab6_es2/HAL/src/altera_nios2_qsys_irq.o
LOAD obj/default/lab6_es2/alt_sys_init.o
LOAD obj/default/lab6_es2/drivers/src/altera_avalon_jtag_uart_fd.o
LOAD obj/default/lab6_es2/drivers/src/altera_avalon_jtag_uart_init.o
LOAD obj/default/lab6_es2/drivers/src/altera_avalon_jtag_uart_ioctl.o
LOAD obj/default/lab6_es2/drivers/src/altera_avalon_jtag_uart_read.o
LOAD obj/default/lab6_es2/drivers/src/altera_avalon_jtag_uart_write.o
LOAD obj/default/lab6_es2/drivers/src/altera_avalon_timer_sc.o
LOAD obj/default/lab6_es2/drivers/src/altera_avalon_timer_ts.o
LOAD obj/default/lab6_es2/drivers/src/altera_avalon_timer_vars.o
LOAD obj/default/main.o
LOAD obj/default/dac_es2_bsp/HAL/src/alt_ecc_fatal_entry.o
LOAD obj/default/dac_es2_bsp/HAL/src/alt_exception_entry.o
LOAD obj/default/dac_es2_bsp/HAL/src/alt_exception_muldiv.o
LOAD obj/default/dac_es2_bsp/HAL/src/alt_exception_trap.o
LOAD obj/default/dac_es2_bsp/HAL/src/alt_irq_entry.o
LOAD obj/default/dac_es2_bsp/HAL/src/alt_log_macro.o
LOAD obj/default/dac_es2_bsp/HAL/src/alt_mcount.o
LOAD obj/default/dac_es2_bsp/HAL/src/alt_software_exception.o
LOAD obj/default/dac_es2_bsp/HAL/src/crt0.o
LOAD obj/default/lab6_es2/HAL/src/alt_ecc_fatal_entry.o
LOAD obj/default/lab6_es2/HAL/src/alt_exception_entry.o
LOAD obj/default/lab6_es2/HAL/src/alt_exception_muldiv.o
LOAD obj/default/lab6_es2/HAL/src/alt_exception_trap.o
LOAD obj/default/lab6_es2/HAL/src/alt_irq_entry.o
LOAD obj/default/lab6_es2/HAL/src/alt_log_macro.o
LOAD obj/default/lab6_es2/HAL/src/alt_mcount.o
LOAD obj/default/lab6_es2/HAL/src/alt_software_exception.o
LOAD obj/default/lab6_es2/HAL/src/crt0.o
LOAD c:/intelfpga_lite/16.1/nios2eds/bin/gnu/h-x86_64-mingw32/bin/../lib/gcc/nios2-elf/5.3.0/../../../../../H-x86_64-mingw32/nios2-elf/lib/mno-hw-mul\libstdc++.a
LOAD c:/intelfpga_lite/16.1/nios2eds/bin/gnu/h-x86_64-mingw32/bin/../lib/gcc/nios2-elf/5.3.0/../../../../../H-x86_64-mingw32/nios2-elf/lib/mno-hw-mul\libm.a
LOAD c:/intelfpga_lite/16.1/nios2eds/bin/gnu/h-x86_64-mingw32/bin/../lib/gcc/nios2-elf/5.3.0/mno-hw-mul\libgcc.a
START GROUP
LOAD c:/intelfpga_lite/16.1/nios2eds/bin/gnu/h-x86_64-mingw32/bin/../lib/gcc/nios2-elf/5.3.0/../../../../../H-x86_64-mingw32/nios2-elf/lib/mno-hw-mul\libc.a
LOAD c:/intelfpga_lite/16.1/nios2eds/bin/gnu/h-x86_64-mingw32/bin/../lib/gcc/nios2-elf/5.3.0/mno-hw-mul\libgcc.a
LOAD ../lab6_es1_bsp/\libhal_bsp.a
LOAD c:/intelfpga_lite/16.1/nios2eds/bin/gnu/h-x86_64-mingw32/bin/../lib/gcc/nios2-elf/5.3.0/../../../../../H-x86_64-mingw32/nios2-elf/lib/mno-hw-mul\libm.a
END GROUP
LOAD c:/intelfpga_lite/16.1/nios2eds/bin/gnu/h-x86_64-mingw32/bin/../lib/gcc/nios2-elf/5.3.0/mno-hw-mul\libgcc.a
                0x0000000000000000                __alt_mem_onchip_memory2_0 = 0x0
                0x0000000008000000                __alt_mem_new_sdram_controller_0 = 0x8000000

.entry          0x0000000000000000       0x60
 *(.entry)
 .entry         0x0000000000000000       0x20 ../lab6_es1_bsp//obj/HAL/src/crt0.o
                0x0000000000000000                __reset
 .entry         0x0000000000000020       0x20 obj/default/dac_es2_bsp/HAL/src/crt0.o
 .entry         0x0000000000000040       0x20 obj/default/lab6_es2/HAL/src/crt0.o

.exceptions     0x0000000000000020      0x738 load address 0x0000000008000000
                0x0000000000000020                PROVIDE (__ram_exceptions_start, ABSOLUTE (.))
                0x0000000000000020                . = ALIGN (0x20)
 *(.irq)
 *(.exceptions.entry.label)
 .exceptions.entry.label
                0x0000000000000020        0x0 obj/default/dac_es2_bsp/HAL/src/alt_exception_entry.o
                0x0000000000000020                alt_exception
 .exceptions.entry.label
                0x0000000000000020        0x0 obj/default/dac_es2_bsp/HAL/src/alt_irq_entry.o
                0x0000000000000020                alt_irq_entry
 .exceptions.entry.label
                0x0000000000000020        0x0 obj/default/dac_es2_bsp/HAL/src/alt_software_exception.o
                0x0000000000000020                software_exception
 .exceptions.entry.label
                0x0000000000000020        0x0 obj/default/lab6_es2/HAL/src/alt_exception_entry.o
 .exceptions.entry.label
                0x0000000000000020        0x0 obj/default/lab6_es2/HAL/src/alt_irq_entry.o
 .exceptions.entry.label
                0x0000000000000020        0x0 obj/default/lab6_es2/HAL/src/alt_software_exception.o
 *(.exceptions.entry.user)
 *(.exceptions.entry.ecc_fatal)
 .exceptions.entry.ecc_fatal
                0x0000000000000020       0x1c obj/default/dac_es2_bsp/HAL/src/alt_ecc_fatal_entry.o
                0x000000000000003c                alt_exception_not_ecc_fatal
 .exceptions.entry.ecc_fatal
                0x000000000000003c       0x1c obj/default/lab6_es2/HAL/src/alt_ecc_fatal_entry.o
 *(.exceptions.entry)
 .exceptions.entry
                0x0000000000000058       0x54 obj/default/dac_es2_bsp/HAL/src/alt_exception_entry.o
 .exceptions.entry
                0x00000000000000ac       0x54 obj/default/lab6_es2/HAL/src/alt_exception_entry.o
 *(.exceptions.irqtest.user)
 *(.exceptions.irqtest)
 .exceptions.irqtest
                0x0000000000000100       0x10 obj/default/dac_es2_bsp/HAL/src/alt_irq_entry.o
 .exceptions.irqtest
                0x0000000000000110       0x10 obj/default/lab6_es2/HAL/src/alt_irq_entry.o
 *(.exceptions.irqhandler.user)
 *(.exceptions.irqhandler)
 .exceptions.irqhandler
                0x0000000000000120        0x4 obj/default/dac_es2_bsp/HAL/src/alt_irq_entry.o
 .exceptions.irqhandler
                0x0000000000000124        0x4 obj/default/lab6_es2/HAL/src/alt_irq_entry.o
 *(.exceptions.irqreturn.user)
 *(.exceptions.irqreturn)
 .exceptions.irqreturn
                0x0000000000000128        0x4 obj/default/dac_es2_bsp/HAL/src/alt_irq_entry.o
 .exceptions.irqreturn
                0x000000000000012c        0x4 obj/default/lab6_es2/HAL/src/alt_irq_entry.o
 *(.exceptions.notirq.label)
 .exceptions.notirq.label
                0x0000000000000130        0x0 obj/default/dac_es2_bsp/HAL/src/alt_irq_entry.o
 .exceptions.notirq.label
                0x0000000000000130        0x0 obj/default/lab6_es2/HAL/src/alt_irq_entry.o
 *(.exceptions.notirq.user)
 *(.exceptions.notirq)
 .exceptions.notirq
                0x0000000000000130        0x8 obj/default/dac_es2_bsp/HAL/src/alt_exception_entry.o
 .exceptions.notirq
                0x0000000000000138        0x8 obj/default/lab6_es2/HAL/src/alt_exception_entry.o
 *(.exceptions.soft.user)
 *(.exceptions.soft)
 .exceptions.soft
                0x0000000000000140      0x1cc obj/default/dac_es2_bsp/HAL/src/alt_exception_muldiv.o
 .exceptions.soft
                0x000000000000030c       0x14 obj/default/dac_es2_bsp/HAL/src/alt_exception_trap.o
 .exceptions.soft
                0x0000000000000320      0x1cc obj/default/lab6_es2/HAL/src/alt_exception_muldiv.o
 .exceptions.soft
                0x00000000000004ec       0x14 obj/default/lab6_es2/HAL/src/alt_exception_trap.o
 *(.exceptions.unknown.user)
 *(.exceptions.unknown)
 .exceptions.unknown
                0x0000000000000500        0x4 obj/default/dac_es2_bsp/HAL/src/alt_exception_entry.o
 .exceptions.unknown
                0x0000000000000504        0x4 obj/default/lab6_es2/HAL/src/alt_exception_entry.o
 *(.exceptions.exit.label)
 .exceptions.exit.label
                0x0000000000000508        0x0 obj/default/dac_es2_bsp/HAL/src/alt_exception_entry.o
 .exceptions.exit.label
                0x0000000000000508        0x0 obj/default/dac_es2_bsp/HAL/src/alt_exception_muldiv.o
 .exceptions.exit.label
                0x0000000000000508        0x0 obj/default/dac_es2_bsp/HAL/src/alt_exception_trap.o
 .exceptions.exit.label
                0x0000000000000508        0x0 obj/default/dac_es2_bsp/HAL/src/alt_irq_entry.o
 .exceptions.exit.label
                0x0000000000000508        0x0 obj/default/lab6_es2/HAL/src/alt_exception_entry.o
 .exceptions.exit.label
                0x0000000000000508        0x0 obj/default/lab6_es2/HAL/src/alt_exception_muldiv.o
 .exceptions.exit.label
                0x0000000000000508        0x0 obj/default/lab6_es2/HAL/src/alt_exception_trap.o
 .exceptions.exit.label
                0x0000000000000508        0x0 obj/default/lab6_es2/HAL/src/alt_irq_entry.o
 *(.exceptions.exit.user)
 *(.exceptions.exit)
 .exceptions.exit
                0x0000000000000508       0x54 obj/default/dac_es2_bsp/HAL/src/alt_exception_entry.o
 .exceptions.exit
                0x000000000000055c       0x54 obj/default/lab6_es2/HAL/src/alt_exception_entry.o
 *(.exceptions)
 .exceptions    0x00000000000005b0       0xd4 obj/default/dac_es2_bsp/HAL/src/alt_irq_handler.o
                0x00000000000005b0                alt_irq_handler
 .exceptions    0x0000000000000684       0xd4 obj/default/lab6_es2/HAL/src/alt_irq_handler.o
                0x0000000000000758                PROVIDE (__ram_exceptions_end, ABSOLUTE (.))
                0x0000000008000000                PROVIDE (__flash_exceptions_start, LOADADDR (.exceptions))

.text           0x0000000008000738    0x1a9d0
                0x0000000008000738                PROVIDE (stext, ABSOLUTE (.))
 *(.interp)
 *(.hash)
 *(.dynsym)
 *(.dynstr)
 *(.gnu.version)
 *(.gnu.version_d)
 *(.gnu.version_r)
 *(.rel.init)
 *(.rela.init)
 *(.rel.text .rel.text.* .rel.gnu.linkonce.t.*)
 *(.rela.text .rela.text.* .rela.gnu.linkonce.t.*)
 *(.rel.fini)
 *(.rela.fini)
 *(.rel.rodata .rel.rodata.* .rel.gnu.linkonce.r.*)
 *(.rela.rodata .rela.rodata.* .rela.gnu.linkonce.r.*)
 *(.rel.data .rel.data.* .rel.gnu.linkonce.d.*)
 *(.rela.data .rela.data.* .rela.gnu.linkonce.d.*)
 *(.rel.tdata .rel.tdata.* .rel.gnu.linkonce.td.*)
 *(.rela.tdata .rela.tdata.* .rela.gnu.linkonce.td.*)
 *(.rel.tbss .rel.tbss.* .rel.gnu.linkonce.tb.*)
 *(.rela.tbss .rela.tbss.* .rela.gnu.linkonce.tb.*)
 *(.rel.ctors)
 *(.rela.ctors)
 *(.rel.dtors)
 *(.rela.dtors)
 *(.rel.got)
 *(.rela.got)
 *(.rel.sdata .rel.sdata.* .rel.gnu.linkonce.s.*)
 *(.rela.sdata .rela.sdata.* .rela.gnu.linkonce.s.*)
 *(.rel.sbss .rel.sbss.* .rel.gnu.linkonce.sb.*)
 *(.rela.sbss .rela.sbss.* .rela.gnu.linkonce.sb.*)
 *(.rel.sdata2 .rel.sdata2.* .rel.gnu.linkonce.s2.*)
 *(.rela.sdata2 .rela.sdata2.* .rela.gnu.linkonce.s2.*)
 *(.rel.sbss2 .rel.sbss2.* .rel.gnu.linkonce.sb2.*)
 *(.rela.sbss2 .rela.sbss2.* .rela.gnu.linkonce.sb2.*)
 *(.rel.bss .rel.bss.* .rel.gnu.linkonce.b.*)
 *(.rela.bss .rela.bss.* .rela.gnu.linkonce.b.*)
 *(.rel.plt)
 *(.rela.plt)
 *(.rel.dyn)
 *(.init)
 *(.plt)
 *(.text .stub .text.* .gnu.linkonce.t.*)
 .text          0x0000000008000738       0x3c ../lab6_es1_bsp//obj/HAL/src/crt0.o
                0x0000000008000738                _start
 .text          0x0000000008000774      0x178 obj/default/dac_es2/main.o
                0x0000000008000840                init_timer
                0x00000000080008c0                main
 .text          0x00000000080008ec      0x12c obj/default/dac_es2_bsp/HAL/src/alt_alarm_start.o
                0x00000000080008ec                alt_alarm_start
 .text          0x0000000008000a18      0x158 obj/default/dac_es2_bsp/HAL/src/alt_busy_sleep.o
                0x0000000008000a18                alt_busy_sleep
 .text          0x0000000008000b70      0x114 obj/default/dac_es2_bsp/HAL/src/alt_close.o
                0x0000000008000bac                close
 .text          0x0000000008000c84       0x28 obj/default/dac_es2_bsp/HAL/src/alt_dcache_flush.o
                0x0000000008000c84                alt_dcache_flush
 .text          0x0000000008000cac       0x20 obj/default/dac_es2_bsp/HAL/src/alt_dcache_flush_all.o
                0x0000000008000cac                alt_dcache_flush_all
 .text          0x0000000008000ccc       0x28 obj/default/dac_es2_bsp/HAL/src/alt_dcache_flush_no_writeback.o
                0x0000000008000ccc                alt_dcache_flush_no_writeback
 .text          0x0000000008000cf4       0x2c obj/default/dac_es2_bsp/HAL/src/alt_dev.o
 .text          0x0000000008000d20       0xe0 obj/default/dac_es2_bsp/HAL/src/alt_dev_llist_insert.o
                0x0000000008000d5c                alt_dev_llist_insert
 .text          0x0000000008000e00       0x90 obj/default/dac_es2_bsp/HAL/src/alt_dma_rxchan_open.o
                0x0000000008000e3c                alt_dma_rxchan_open
 .text          0x0000000008000e90       0x90 obj/default/dac_es2_bsp/HAL/src/alt_dma_txchan_open.o
                0x0000000008000ecc                alt_dma_txchan_open
 .text          0x0000000008000f20       0x60 obj/default/dac_es2_bsp/HAL/src/alt_do_ctors.o
                0x0000000008000f20                _do_ctors
 .text          0x0000000008000f80       0x60 obj/default/dac_es2_bsp/HAL/src/alt_do_dtors.o
                0x0000000008000f80                _do_dtors
 .text          0x0000000008000fe0       0x2c obj/default/dac_es2_bsp/HAL/src/alt_ecc_fatal_exception.o
                0x0000000008000fe0                alt_ecc_fatal_exception_register
 .text          0x000000000800100c       0x48 obj/default/dac_es2_bsp/HAL/src/alt_env_lock.o
                0x000000000800100c                __env_lock
                0x0000000008001030                __env_unlock
 .text          0x0000000008001054        0x0 obj/default/dac_es2_bsp/HAL/src/alt_environ.o
 .text          0x0000000008001054        0x0 obj/default/dac_es2_bsp/HAL/src/alt_errno.o
 .text          0x0000000008001054       0x80 obj/default/dac_es2_bsp/HAL/src/alt_execve.o
                0x0000000008001090                execve
 .text          0x00000000080010d4       0x34 obj/default/dac_es2_bsp/HAL/src/alt_exit.o
                0x00000000080010d4                _exit
 .text          0x0000000008001108      0x164 obj/default/dac_es2_bsp/HAL/src/alt_fcntl.o
                0x0000000008001144                fcntl
 .text          0x000000000800126c       0xcc obj/default/dac_es2_bsp/HAL/src/alt_fd_lock.o
                0x000000000800126c                alt_fd_lock
 .text          0x0000000008001338       0x40 obj/default/dac_es2_bsp/HAL/src/alt_fd_unlock.o
                0x0000000008001338                alt_fd_unlock
 .text          0x0000000008001378       0x90 obj/default/dac_es2_bsp/HAL/src/alt_find_dev.o
                0x0000000008001378                alt_find_dev
 .text          0x0000000008001408      0x108 obj/default/dac_es2_bsp/HAL/src/alt_find_file.o
                0x0000000008001408                alt_find_file
 .text          0x0000000008001510       0xbc obj/default/dac_es2_bsp/HAL/src/alt_flash_dev.o
                0x0000000008001510                alt_flash_open_dev
                0x0000000008001578                alt_flash_close_dev
 .text          0x00000000080015cc       0x74 obj/default/dac_es2_bsp/HAL/src/alt_fork.o
                0x0000000008001608                fork
 .text          0x0000000008001640       0x80 obj/default/dac_es2_bsp/HAL/src/alt_fs_reg.o
                0x0000000008001640                alt_fs_reg
 .text          0x00000000080016c0       0xf4 obj/default/dac_es2_bsp/HAL/src/alt_fstat.o
                0x00000000080016fc                fstat
 .text          0x00000000080017b4       0xc4 obj/default/dac_es2_bsp/HAL/src/alt_get_fd.o
                0x00000000080017b4                alt_get_fd
 .text          0x0000000008001878       0x34 obj/default/dac_es2_bsp/HAL/src/alt_getchar.o
                0x0000000008001878                alt_getchar
 .text          0x00000000080018ac       0x20 obj/default/dac_es2_bsp/HAL/src/alt_getpid.o
                0x00000000080018ac                getpid
 .text          0x00000000080018cc      0x1f4 obj/default/dac_es2_bsp/HAL/src/alt_gettod.o
                0x00000000080018cc                gettimeofday
 .text          0x0000000008001ac0      0x2c4 obj/default/dac_es2_bsp/HAL/src/alt_gmon.o
                0x0000000008001b3c                __mcount_record
 .text          0x0000000008001d84       0x28 obj/default/dac_es2_bsp/HAL/src/alt_icache_flush.o
                0x0000000008001d84                alt_icache_flush
 .text          0x0000000008001dac       0x20 obj/default/dac_es2_bsp/HAL/src/alt_icache_flush_all.o
                0x0000000008001dac                alt_icache_flush_all
 .text          0x0000000008001dcc      0x1b0 obj/default/dac_es2_bsp/HAL/src/alt_iic.o
                0x0000000008001dcc                alt_ic_isr_register
                0x0000000008001e1c                alt_ic_irq_enable
                0x0000000008001ea4                alt_ic_irq_disable
                0x0000000008001f30                alt_ic_irq_enabled
 .text          0x0000000008001f7c       0xf0 obj/default/dac_es2_bsp/HAL/src/alt_iic_isr_register.o
                0x0000000008001f7c                alt_iic_isr_register
 .text          0x000000000800206c       0x9c obj/default/dac_es2_bsp/HAL/src/alt_instruction_exception_entry.o
                0x000000000800206c                alt_exception_cause_generated_bad_addr
 .text          0x0000000008002108        0x0 obj/default/dac_es2_bsp/HAL/src/alt_instruction_exception_register.o
 .text          0x0000000008002108      0x160 obj/default/dac_es2_bsp/HAL/src/alt_io_redirect.o
                0x00000000080021ec                alt_io_redirect
 .text          0x0000000008002268      0x154 obj/default/dac_es2_bsp/HAL/src/alt_ioctl.o
                0x00000000080022a4                ioctl
 .text          0x00000000080023bc        0x0 obj/default/dac_es2_bsp/HAL/src/alt_irq_handler.o
 .text          0x00000000080023bc      0x180 obj/default/dac_es2_bsp/HAL/src/alt_irq_register.o
                0x00000000080023bc                alt_irq_register
 .text          0x000000000800253c        0x0 obj/default/dac_es2_bsp/HAL/src/alt_irq_vars.o
 .text          0x000000000800253c       0xe8 obj/default/dac_es2_bsp/HAL/src/alt_isatty.o
                0x0000000008002578                isatty
 .text          0x0000000008002624      0x16c obj/default/dac_es2_bsp/HAL/src/alt_kill.o
                0x0000000008002660                kill
 .text          0x0000000008002790       0x7c obj/default/dac_es2_bsp/HAL/src/alt_link.o
                0x00000000080027cc                link
 .text          0x000000000800280c       0xec obj/default/dac_es2_bsp/HAL/src/alt_load.o
                0x0000000008002874                alt_load
 .text          0x00000000080028f8        0x0 obj/default/dac_es2_bsp/HAL/src/alt_log_printf.o
 .text          0x00000000080028f8      0x118 obj/default/dac_es2_bsp/HAL/src/alt_lseek.o
                0x0000000008002934                lseek
 .text          0x0000000008002a10       0x7c obj/default/dac_es2_bsp/HAL/src/alt_main.o
                0x0000000008002a10                alt_main
 .text          0x0000000008002a8c       0x48 obj/default/dac_es2_bsp/HAL/src/alt_malloc_lock.o
                0x0000000008002a8c                __malloc_lock
                0x0000000008002ab0                __malloc_unlock
 .text          0x0000000008002ad4      0x284 obj/default/dac_es2_bsp/HAL/src/alt_open.o
                0x0000000008002bfc                open
 .text          0x0000000008002d58      0x22c obj/default/dac_es2_bsp/HAL/src/alt_printf.o
                0x0000000008002d58                alt_printf
 .text          0x0000000008002f84       0x3c obj/default/dac_es2_bsp/HAL/src/alt_putchar.o
                0x0000000008002f84                alt_putchar
 .text          0x0000000008002fc0        0x0 obj/default/dac_es2_bsp/HAL/src/alt_putcharbuf.o
 .text          0x0000000008002fc0       0x3c obj/default/dac_es2_bsp/HAL/src/alt_putstr.o
                0x0000000008002fc0                alt_putstr
 .text          0x0000000008002ffc      0x140 obj/default/dac_es2_bsp/HAL/src/alt_read.o
                0x0000000008003038                read
 .text          0x000000000800313c       0x84 obj/default/dac_es2_bsp/HAL/src/alt_release_fd.o
                0x000000000800313c                alt_release_fd
 .text          0x00000000080031c0       0x34 obj/default/dac_es2_bsp/HAL/src/alt_remap_cached.o
                0x00000000080031c0                alt_remap_cached
 .text          0x00000000080031f4       0x40 obj/default/dac_es2_bsp/HAL/src/alt_remap_uncached.o
                0x00000000080031f4                alt_remap_uncached
 .text          0x0000000008003234       0x7c obj/default/dac_es2_bsp/HAL/src/alt_rename.o
                0x0000000008003270                _rename
 .text          0x00000000080032b0       0xb0 obj/default/dac_es2_bsp/HAL/src/alt_sbrk.o
                0x00000000080032b0                sbrk
 .text          0x0000000008003360      0x11c obj/default/dac_es2_bsp/HAL/src/alt_settod.o
                0x000000000800339c                settimeofday
 .text          0x000000000800347c       0x58 obj/default/dac_es2_bsp/HAL/src/alt_stat.o
                0x000000000800347c                stat
 .text          0x00000000080034d4      0x1a4 obj/default/dac_es2_bsp/HAL/src/alt_tick.o
                0x00000000080034d4                alt_alarm_stop
                0x0000000008003570                alt_tick
 .text          0x0000000008003678       0xb4 obj/default/dac_es2_bsp/HAL/src/alt_times.o
                0x00000000080036b4                times
 .text          0x000000000800372c       0x44 obj/default/dac_es2_bsp/HAL/src/alt_uncached_free.o
                0x000000000800372c                alt_uncached_free
 .text          0x0000000008003770       0x58 obj/default/dac_es2_bsp/HAL/src/alt_uncached_malloc.o
                0x0000000008003770                alt_uncached_malloc
 .text          0x00000000080037c8       0x78 obj/default/dac_es2_bsp/HAL/src/alt_unlink.o
                0x0000000008003804                unlink
 .text          0x0000000008003840       0x30 obj/default/dac_es2_bsp/HAL/src/alt_usleep.o
                0x0000000008003840                usleep
 .text          0x0000000008003870       0x80 obj/default/dac_es2_bsp/HAL/src/alt_wait.o
                0x00000000080038ac                wait
 .text          0x00000000080038f0      0x13c obj/default/dac_es2_bsp/HAL/src/alt_write.o
                0x000000000800392c                write
 .text          0x0000000008003a2c       0x24 obj/default/dac_es2_bsp/HAL/src/altera_nios2_qsys_irq.o
                0x0000000008003a2c                altera_nios2_qsys_irq_init
 .text          0x0000000008003a50       0xc8 obj/default/dac_es2_bsp/alt_sys_init.o
                0x0000000008003a84                alt_irq_init
                0x0000000008003abc                alt_sys_init
 .text          0x0000000008003b18      0x164 obj/default/dac_es2_bsp/drivers/src/altera_avalon_jtag_uart_fd.o
                0x0000000008003b18                altera_avalon_jtag_uart_read_fd
                0x0000000008003b78                altera_avalon_jtag_uart_write_fd
                0x0000000008003bd8                altera_avalon_jtag_uart_close_fd
                0x0000000008003c28                altera_avalon_jtag_uart_ioctl_fd
 .text          0x0000000008003c7c      0x3d4 obj/default/dac_es2_bsp/drivers/src/altera_avalon_jtag_uart_init.o
                0x0000000008003c7c                altera_avalon_jtag_uart_init
                0x0000000008003fe8                altera_avalon_jtag_uart_close
 .text          0x0000000008004050       0xf0 obj/default/dac_es2_bsp/drivers/src/altera_avalon_jtag_uart_ioctl.o
                0x0000000008004050                altera_avalon_jtag_uart_ioctl
 .text          0x0000000008004140      0x21c obj/default/dac_es2_bsp/drivers/src/altera_avalon_jtag_uart_read.o
                0x0000000008004140                altera_avalon_jtag_uart_read
 .text          0x000000000800435c      0x224 obj/default/dac_es2_bsp/drivers/src/altera_avalon_jtag_uart_write.o
                0x000000000800435c                altera_avalon_jtag_uart_write
 .text          0x0000000008004580       0xf4 obj/default/dac_es2_bsp/drivers/src/altera_avalon_timer_sc.o
                0x00000000080045f8                alt_avalon_timer_sc_init
 .text          0x0000000008004674        0x0 obj/default/dac_es2_bsp/drivers/src/altera_avalon_timer_ts.o
 .text          0x0000000008004674        0x0 obj/default/dac_es2_bsp/drivers/src/altera_avalon_timer_vars.o
 .text          0x0000000008004674      0x12c obj/default/lab6_es2/HAL/src/alt_alarm_start.o
 .text          0x00000000080047a0      0x158 obj/default/lab6_es2/HAL/src/alt_busy_sleep.o
 .text          0x00000000080048f8      0x114 obj/default/lab6_es2/HAL/src/alt_close.o
 .text          0x0000000008004a0c       0x28 obj/default/lab6_es2/HAL/src/alt_dcache_flush.o
 .text          0x0000000008004a34       0x20 obj/default/lab6_es2/HAL/src/alt_dcache_flush_all.o
 .text          0x0000000008004a54       0x28 obj/default/lab6_es2/HAL/src/alt_dcache_flush_no_writeback.o
 .text          0x0000000008004a7c       0x2c obj/default/lab6_es2/HAL/src/alt_dev.o
 .text          0x0000000008004aa8       0xe0 obj/default/lab6_es2/HAL/src/alt_dev_llist_insert.o
 .text          0x0000000008004b88       0x90 obj/default/lab6_es2/HAL/src/alt_dma_rxchan_open.o
 .text          0x0000000008004c18       0x90 obj/default/lab6_es2/HAL/src/alt_dma_txchan_open.o
 .text          0x0000000008004ca8       0x60 obj/default/lab6_es2/HAL/src/alt_do_ctors.o
 .text          0x0000000008004d08       0x60 obj/default/lab6_es2/HAL/src/alt_do_dtors.o
 .text          0x0000000008004d68       0x2c obj/default/lab6_es2/HAL/src/alt_ecc_fatal_exception.o
 .text          0x0000000008004d94       0x48 obj/default/lab6_es2/HAL/src/alt_env_lock.o
 .text          0x0000000008004ddc        0x0 obj/default/lab6_es2/HAL/src/alt_environ.o
 .text          0x0000000008004ddc        0x0 obj/default/lab6_es2/HAL/src/alt_errno.o
 .text          0x0000000008004ddc       0x80 obj/default/lab6_es2/HAL/src/alt_execve.o
 .text          0x0000000008004e5c       0x34 obj/default/lab6_es2/HAL/src/alt_exit.o
 .text          0x0000000008004e90      0x164 obj/default/lab6_es2/HAL/src/alt_fcntl.o
 .text          0x0000000008004ff4       0xcc obj/default/lab6_es2/HAL/src/alt_fd_lock.o
 .text          0x00000000080050c0       0x40 obj/default/lab6_es2/HAL/src/alt_fd_unlock.o
 .text          0x0000000008005100       0x90 obj/default/lab6_es2/HAL/src/alt_find_dev.o
 .text          0x0000000008005190      0x108 obj/default/lab6_es2/HAL/src/alt_find_file.o
 .text          0x0000000008005298       0xbc obj/default/lab6_es2/HAL/src/alt_flash_dev.o
 .text          0x0000000008005354       0x74 obj/default/lab6_es2/HAL/src/alt_fork.o
 .text          0x00000000080053c8       0x80 obj/default/lab6_es2/HAL/src/alt_fs_reg.o
 .text          0x0000000008005448       0xf4 obj/default/lab6_es2/HAL/src/alt_fstat.o
 .text          0x000000000800553c       0xc4 obj/default/lab6_es2/HAL/src/alt_get_fd.o
 .text          0x0000000008005600       0x34 obj/default/lab6_es2/HAL/src/alt_getchar.o
 .text          0x0000000008005634       0x20 obj/default/lab6_es2/HAL/src/alt_getpid.o
 .text          0x0000000008005654      0x1f4 obj/default/lab6_es2/HAL/src/alt_gettod.o
 .text          0x0000000008005848      0x2c4 obj/default/lab6_es2/HAL/src/alt_gmon.o
 .text          0x0000000008005b0c       0x28 obj/default/lab6_es2/HAL/src/alt_icache_flush.o
 .text          0x0000000008005b34       0x20 obj/default/lab6_es2/HAL/src/alt_icache_flush_all.o
 .text          0x0000000008005b54      0x1b0 obj/default/lab6_es2/HAL/src/alt_iic.o
 .text          0x0000000008005d04       0xf0 obj/default/lab6_es2/HAL/src/alt_iic_isr_register.o
 .text          0x0000000008005df4       0x9c obj/default/lab6_es2/HAL/src/alt_instruction_exception_entry.o
 .text          0x0000000008005e90        0x0 obj/default/lab6_es2/HAL/src/alt_instruction_exception_register.o
 .text          0x0000000008005e90      0x160 obj/default/lab6_es2/HAL/src/alt_io_redirect.o
 .text          0x0000000008005ff0      0x154 obj/default/lab6_es2/HAL/src/alt_ioctl.o
 .text          0x0000000008006144        0x0 obj/default/lab6_es2/HAL/src/alt_irq_handler.o
 .text          0x0000000008006144      0x180 obj/default/lab6_es2/HAL/src/alt_irq_register.o
 .text          0x00000000080062c4        0x0 obj/default/lab6_es2/HAL/src/alt_irq_vars.o
 .text          0x00000000080062c4       0xe8 obj/default/lab6_es2/HAL/src/alt_isatty.o
 .text          0x00000000080063ac      0x16c obj/default/lab6_es2/HAL/src/alt_kill.o
 .text          0x0000000008006518       0x7c obj/default/lab6_es2/HAL/src/alt_link.o
 .text          0x0000000008006594       0xec obj/default/lab6_es2/HAL/src/alt_load.o
 .text          0x0000000008006680        0x0 obj/default/lab6_es2/HAL/src/alt_log_printf.o
 .text          0x0000000008006680      0x118 obj/default/lab6_es2/HAL/src/alt_lseek.o
 .text          0x0000000008006798       0x7c obj/default/lab6_es2/HAL/src/alt_main.o
 .text          0x0000000008006814       0x48 obj/default/lab6_es2/HAL/src/alt_malloc_lock.o
 .text          0x000000000800685c      0x284 obj/default/lab6_es2/HAL/src/alt_open.o
 .text          0x0000000008006ae0      0x22c obj/default/lab6_es2/HAL/src/alt_printf.o
 .text          0x0000000008006d0c       0x3c obj/default/lab6_es2/HAL/src/alt_putchar.o
 .text          0x0000000008006d48        0x0 obj/default/lab6_es2/HAL/src/alt_putcharbuf.o
 .text          0x0000000008006d48       0x3c obj/default/lab6_es2/HAL/src/alt_putstr.o
 .text          0x0000000008006d84      0x140 obj/default/lab6_es2/HAL/src/alt_read.o
 .text          0x0000000008006ec4       0x84 obj/default/lab6_es2/HAL/src/alt_release_fd.o
 .text          0x0000000008006f48       0x34 obj/default/lab6_es2/HAL/src/alt_remap_cached.o
 .text          0x0000000008006f7c       0x40 obj/default/lab6_es2/HAL/src/alt_remap_uncached.o
 .text          0x0000000008006fbc       0x7c obj/default/lab6_es2/HAL/src/alt_rename.o
 .text          0x0000000008007038       0xb0 obj/default/lab6_es2/HAL/src/alt_sbrk.o
 .text          0x00000000080070e8      0x11c obj/default/lab6_es2/HAL/src/alt_settod.o
 .text          0x0000000008007204       0x58 obj/default/lab6_es2/HAL/src/alt_stat.o
 .text          0x000000000800725c      0x1a4 obj/default/lab6_es2/HAL/src/alt_tick.o
 .text          0x0000000008007400       0xb4 obj/default/lab6_es2/HAL/src/alt_times.o
 .text          0x00000000080074b4       0x44 obj/default/lab6_es2/HAL/src/alt_uncached_free.o
 .text          0x00000000080074f8       0x58 obj/default/lab6_es2/HAL/src/alt_uncached_malloc.o
 .text          0x0000000008007550       0x78 obj/default/lab6_es2/HAL/src/alt_unlink.o
 .text          0x00000000080075c8       0x30 obj/default/lab6_es2/HAL/src/alt_usleep.o
 .text          0x00000000080075f8       0x80 obj/default/lab6_es2/HAL/src/alt_wait.o
 .text          0x0000000008007678      0x13c obj/default/lab6_es2/HAL/src/alt_write.o
 .text          0x00000000080077b4       0x24 obj/default/lab6_es2/HAL/src/altera_nios2_qsys_irq.o
 .text          0x00000000080077d8       0xc8 obj/default/lab6_es2/alt_sys_init.o
 .text          0x00000000080078a0      0x164 obj/default/lab6_es2/drivers/src/altera_avalon_jtag_uart_fd.o
 .text          0x0000000008007a04      0x3d4 obj/default/lab6_es2/drivers/src/altera_avalon_jtag_uart_init.o
 .text          0x0000000008007dd8       0xf0 obj/default/lab6_es2/drivers/src/altera_avalon_jtag_uart_ioctl.o
 .text          0x0000000008007ec8      0x21c obj/default/lab6_es2/drivers/src/altera_avalon_jtag_uart_read.o
 .text          0x00000000080080e4      0x224 obj/default/lab6_es2/drivers/src/altera_avalon_jtag_uart_write.o
 .text          0x0000000008008308       0xf4 obj/default/lab6_es2/drivers/src/altera_avalon_timer_sc.o
 .text          0x00000000080083fc        0x0 obj/default/lab6_es2/drivers/src/altera_avalon_timer_ts.o
 .text          0x00000000080083fc        0x0 obj/default/lab6_es2/drivers/src/altera_avalon_timer_vars.o
 .text          0x00000000080083fc      0x210 obj/default/main.o
                0x00000000080083fc                get_serial
                0x000000000800849c                binaryStringToValue
 .text          0x000000000800860c        0x0 obj/default/dac_es2_bsp/HAL/src/alt_ecc_fatal_entry.o
 .text          0x000000000800860c        0x0 obj/default/dac_es2_bsp/HAL/src/alt_exception_entry.o
 .text          0x000000000800860c        0x0 obj/default/dac_es2_bsp/HAL/src/alt_exception_muldiv.o
 .text          0x000000000800860c        0x0 obj/default/dac_es2_bsp/HAL/src/alt_exception_trap.o
 .text          0x000000000800860c        0x0 obj/default/dac_es2_bsp/HAL/src/alt_irq_entry.o
 .text          0x000000000800860c        0x0 obj/default/dac_es2_bsp/HAL/src/alt_log_macro.o
 .text          0x000000000800860c       0x9c obj/default/dac_es2_bsp/HAL/src/alt_mcount.o
                0x000000000800860c                _mcount
                0x000000000800860c                mcount
 .text          0x00000000080086a8        0x0 obj/default/dac_es2_bsp/HAL/src/alt_software_exception.o
 .text          0x00000000080086a8       0x3c obj/default/dac_es2_bsp/HAL/src/crt0.o
 .text          0x00000000080086e4        0x0 obj/default/lab6_es2/HAL/src/alt_ecc_fatal_entry.o
 .text          0x00000000080086e4        0x0 obj/default/lab6_es2/HAL/src/alt_exception_entry.o
 .text          0x00000000080086e4        0x0 obj/default/lab6_es2/HAL/src/alt_exception_muldiv.o
 .text          0x00000000080086e4        0x0 obj/default/lab6_es2/HAL/src/alt_exception_trap.o
 .text          0x00000000080086e4        0x0 obj/default/lab6_es2/HAL/src/alt_irq_entry.o
 .text          0x00000000080086e4        0x0 obj/default/lab6_es2/HAL/src/alt_log_macro.o
 .text          0x00000000080086e4       0x9c obj/default/lab6_es2/HAL/src/alt_mcount.o
 .text          0x0000000008008780        0x0 obj/default/lab6_es2/HAL/src/alt_software_exception.o
 .text          0x0000000008008780       0x3c obj/default/lab6_es2/HAL/src/crt0.o
 .text          0x00000000080087bc      0x10c c:/intelfpga_lite/16.1/nios2eds/bin/gnu/h-x86_64-mingw32/bin/../lib/gcc/nios2-elf/5.3.0/mno-hw-mul\libgcc.a(_muldi3.o)
                0x00000000080087bc                __muldi3
 .text          0x00000000080088c8      0x5c4 c:/intelfpga_lite/16.1/nios2eds/bin/gnu/h-x86_64-mingw32/bin/../lib/gcc/nios2-elf/5.3.0/mno-hw-mul\libgcc.a(_umoddi3.o)
                0x00000000080088c8                __umoddi3
 .text          0x0000000008008e8c      0x1b4 c:/intelfpga_lite/16.1/nios2eds/bin/gnu/h-x86_64-mingw32/bin/../lib/gcc/nios2-elf/5.3.0/mno-hw-mul\libgcc.a(lib2-divmod.o)
                0x0000000008008e8c                __divsi3
                0x0000000008008f10                __modsi3
                0x0000000008008f84                __udivsi3
                0x0000000008008fe8                __umodsi3
 .text          0x0000000008009040       0x28 c:/intelfpga_lite/16.1/nios2eds/bin/gnu/h-x86_64-mingw32/bin/../lib/gcc/nios2-elf/5.3.0/mno-hw-mul\libgcc.a(lib2-mul.o)
                0x0000000008009040                __mulsi3
 .text          0x0000000008009068        0x0 c:/intelfpga_lite/16.1/nios2eds/bin/gnu/h-x86_64-mingw32/bin/../lib/gcc/nios2-elf/5.3.0/mno-hw-mul\libgcc.a(_clz.o)
 .text          0x0000000008009068        0x0 c:/intelfpga_lite/16.1/nios2eds/bin/gnu/h-x86_64-mingw32/bin/../lib/gcc/nios2-elf/5.3.0/../../../../../H-x86_64-mingw32/nios2-elf/lib/mno-hw-mul\libc.a(lib_a-atexit.o)
 .text.atexit   0x0000000008009068       0x14 c:/intelfpga_lite/16.1/nios2eds/bin/gnu/h-x86_64-mingw32/bin/../lib/gcc/nios2-elf/5.3.0/../../../../../H-x86_64-mingw32/nios2-elf/lib/mno-hw-mul\libc.a(lib_a-atexit.o)
                0x0000000008009068                atexit
 .text          0x000000000800907c        0x0 c:/intelfpga_lite/16.1/nios2eds/bin/gnu/h-x86_64-mingw32/bin/../lib/gcc/nios2-elf/5.3.0/../../../../../H-x86_64-mingw32/nios2-elf/lib/mno-hw-mul\libc.a(lib_a-exit.o)
 .text.exit     0x000000000800907c       0x38 c:/intelfpga_lite/16.1/nios2eds/bin/gnu/h-x86_64-mingw32/bin/../lib/gcc/nios2-elf/5.3.0/../../../../../H-x86_64-mingw32/nios2-elf/lib/mno-hw-mul\libc.a(lib_a-exit.o)
                0x000000000800907c                exit
 .text          0x00000000080090b4        0x0 c:/intelfpga_lite/16.1/nios2eds/bin/gnu/h-x86_64-mingw32/bin/../lib/gcc/nios2-elf/5.3.0/../../../../../H-x86_64-mingw32/nios2-elf/lib/mno-hw-mul\libc.a(lib_a-fputs.o)
 .text._fputs_r
                0x00000000080090b4       0x9c c:/intelfpga_lite/16.1/nios2eds/bin/gnu/h-x86_64-mingw32/bin/../lib/gcc/nios2-elf/5.3.0/../../../../../H-x86_64-mingw32/nios2-elf/lib/mno-hw-mul\libc.a(lib_a-fputs.o)
                0x00000000080090b4                _fputs_r
 .text.fputs    0x0000000008009150       0x18 c:/intelfpga_lite/16.1/nios2eds/bin/gnu/h-x86_64-mingw32/bin/../lib/gcc/nios2-elf/5.3.0/../../../../../H-x86_64-mingw32/nios2-elf/lib/mno-hw-mul\libc.a(lib_a-fputs.o)
                0x0000000008009150                fputs
 .text          0x0000000008009168        0x0 c:/intelfpga_lite/16.1/nios2eds/bin/gnu/h-x86_64-mingw32/bin/../lib/gcc/nios2-elf/5.3.0/../../../../../H-x86_64-mingw32/nios2-elf/lib/mno-hw-mul\libc.a(lib_a-fvwrite.o)
 .text.__sfvwrite_r
                0x0000000008009168      0x4c8 c:/intelfpga_lite/16.1/nios2eds/bin/gnu/h-x86_64-mingw32/bin/../lib/gcc/nios2-elf/5.3.0/../../../../../H-x86_64-mingw32/nios2-elf/lib/mno-hw-mul\libc.a(lib_a-fvwrite.o)
                0x0000000008009168                __sfvwrite_r
 .text          0x0000000008009630        0x0 c:/intelfpga_lite/16.1/nios2eds/bin/gnu/h-x86_64-mingw32/bin/../lib/gcc/nios2-elf/5.3.0/../../../../../H-x86_64-mingw32/nios2-elf/lib/mno-hw-mul\libc.a(lib_a-getc.o)
 .text._getc_r  0x0000000008009630       0x70 c:/intelfpga_lite/16.1/nios2eds/bin/gnu/h-x86_64-mingw32/bin/../lib/gcc/nios2-elf/5.3.0/../../../../../H-x86_64-mingw32/nios2-elf/lib/mno-hw-mul\libc.a(lib_a-getc.o)
                0x0000000008009630                _getc_r
 .text.getc     0x00000000080096a0       0x88 c:/intelfpga_lite/16.1/nios2eds/bin/gnu/h-x86_64-mingw32/bin/../lib/gcc/nios2-elf/5.3.0/../../../../../H-x86_64-mingw32/nios2-elf/lib/mno-hw-mul\libc.a(lib_a-getc.o)
                0x00000000080096a0                getc
 .text          0x0000000008009728        0x0 c:/intelfpga_lite/16.1/nios2eds/bin/gnu/h-x86_64-mingw32/bin/../lib/gcc/nios2-elf/5.3.0/../../../../../H-x86_64-mingw32/nios2-elf/lib/mno-hw-mul\libc.a(lib_a-impure.o)
 .text          0x0000000008009728        0x0 c:/intelfpga_lite/16.1/nios2eds/bin/gnu/h-x86_64-mingw32/bin/../lib/gcc/nios2-elf/5.3.0/../../../../../H-x86_64-mingw32/nios2-elf/lib/mno-hw-mul\libc.a(lib_a-int_errno.o)
 .text          0x0000000008009728        0x0 c:/intelfpga_lite/16.1/nios2eds/bin/gnu/h-x86_64-mingw32/bin/../lib/gcc/nios2-elf/5.3.0/../../../../../H-x86_64-mingw32/nios2-elf/lib/mno-hw-mul\libc.a(lib_a-malloc.o)
 .text.malloc   0x0000000008009728       0x14 c:/intelfpga_lite/16.1/nios2eds/bin/gnu/h-x86_64-mingw32/bin/../lib/gcc/nios2-elf/5.3.0/../../../../../H-x86_64-mingw32/nios2-elf/lib/mno-hw-mul\libc.a(lib_a-malloc.o)
                0x0000000008009728                malloc
 .text.free     0x000000000800973c       0x14 c:/intelfpga_lite/16.1/nios2eds/bin/gnu/h-x86_64-mingw32/bin/../lib/gcc/nios2-elf/5.3.0/../../../../../H-x86_64-mingw32/nios2-elf/lib/mno-hw-mul\libc.a(lib_a-malloc.o)
                0x000000000800973c                free
 .text          0x0000000008009750        0x0 c:/intelfpga_lite/16.1/nios2eds/bin/gnu/h-x86_64-mingw32/bin/../lib/gcc/nios2-elf/5.3.0/../../../../../H-x86_64-mingw32/nios2-elf/lib/mno-hw-mul\libc.a(lib_a-mallocr.o)
 .text._malloc_r
                0x0000000008009750      0x80c c:/intelfpga_lite/16.1/nios2eds/bin/gnu/h-x86_64-mingw32/bin/../lib/gcc/nios2-elf/5.3.0/../../../../../H-x86_64-mingw32/nios2-elf/lib/mno-hw-mul\libc.a(lib_a-mallocr.o)
                0x0000000008009750                _malloc_r
 .text          0x0000000008009f5c        0x0 c:/intelfpga_lite/16.1/nios2eds/bin/gnu/h-x86_64-mingw32/bin/../lib/gcc/nios2-elf/5.3.0/../../../../../H-x86_64-mingw32/nios2-elf/lib/mno-hw-mul\libc.a(lib_a-memchr.o)
 .text.memchr   0x0000000008009f5c       0xe4 c:/intelfpga_lite/16.1/nios2eds/bin/gnu/h-x86_64-mingw32/bin/../lib/gcc/nios2-elf/5.3.0/../../../../../H-x86_64-mingw32/nios2-elf/lib/mno-hw-mul\libc.a(lib_a-memchr.o)
                0x0000000008009f5c                memchr
 .text          0x000000000800a040        0x0 c:/intelfpga_lite/16.1/nios2eds/bin/gnu/h-x86_64-mingw32/bin/../lib/gcc/nios2-elf/5.3.0/../../../../../H-x86_64-mingw32/nios2-elf/lib/mno-hw-mul\libc.a(lib_a-memcmp.o)
 .text.memcmp   0x000000000800a040       0x7c c:/intelfpga_lite/16.1/nios2eds/bin/gnu/h-x86_64-mingw32/bin/../lib/gcc/nios2-elf/5.3.0/../../../../../H-x86_64-mingw32/nios2-elf/lib/mno-hw-mul\libc.a(lib_a-memcmp.o)
                0x000000000800a040                memcmp
 .text          0x000000000800a0bc        0x0 c:/intelfpga_lite/16.1/nios2eds/bin/gnu/h-x86_64-mingw32/bin/../lib/gcc/nios2-elf/5.3.0/../../../../../H-x86_64-mingw32/nios2-elf/lib/mno-hw-mul\libc.a(lib_a-memcpy.o)
 .text.memcpy   0x000000000800a0bc      0x148 c:/intelfpga_lite/16.1/nios2eds/bin/gnu/h-x86_64-mingw32/bin/../lib/gcc/nios2-elf/5.3.0/../../../../../H-x86_64-mingw32/nios2-elf/lib/mno-hw-mul\libc.a(lib_a-memcpy.o)
                0x000000000800a0bc                memcpy
 .text          0x000000000800a204        0x0 c:/intelfpga_lite/16.1/nios2eds/bin/gnu/h-x86_64-mingw32/bin/../lib/gcc/nios2-elf/5.3.0/../../../../../H-x86_64-mingw32/nios2-elf/lib/mno-hw-mul\libc.a(lib_a-memmove.o)
 .text.memmove  0x000000000800a204      0x15c c:/intelfpga_lite/16.1/nios2eds/bin/gnu/h-x86_64-mingw32/bin/../lib/gcc/nios2-elf/5.3.0/../../../../../H-x86_64-mingw32/nios2-elf/lib/mno-hw-mul\libc.a(lib_a-memmove.o)
                0x000000000800a204                memmove
 .text          0x000000000800a360        0x0 c:/intelfpga_lite/16.1/nios2eds/bin/gnu/h-x86_64-mingw32/bin/../lib/gcc/nios2-elf/5.3.0/../../../../../H-x86_64-mingw32/nios2-elf/lib/mno-hw-mul\libc.a(lib_a-memset.o)
 .text.memset   0x000000000800a360      0x128 c:/intelfpga_lite/16.1/nios2eds/bin/gnu/h-x86_64-mingw32/bin/../lib/gcc/nios2-elf/5.3.0/../../../../../H-x86_64-mingw32/nios2-elf/lib/mno-hw-mul\libc.a(lib_a-memset.o)
                0x000000000800a360                memset
 .text          0x000000000800a488        0x0 c:/intelfpga_lite/16.1/nios2eds/bin/gnu/h-x86_64-mingw32/bin/../lib/gcc/nios2-elf/5.3.0/../../../../../H-x86_64-mingw32/nios2-elf/lib/mno-hw-mul\libc.a(lib_a-putc.o)
 .text._putc_r  0x000000000800a488       0xa0 c:/intelfpga_lite/16.1/nios2eds/bin/gnu/h-x86_64-mingw32/bin/../lib/gcc/nios2-elf/5.3.0/../../../../../H-x86_64-mingw32/nios2-elf/lib/mno-hw-mul\libc.a(lib_a-putc.o)
                0x000000000800a488                _putc_r
 .text.putc     0x000000000800a528       0xc8 c:/intelfpga_lite/16.1/nios2eds/bin/gnu/h-x86_64-mingw32/bin/../lib/gcc/nios2-elf/5.3.0/../../../../../H-x86_64-mingw32/nios2-elf/lib/mno-hw-mul\libc.a(lib_a-putc.o)
                0x000000000800a528                putc
 .text          0x000000000800a5f0        0x0 c:/intelfpga_lite/16.1/nios2eds/bin/gnu/h-x86_64-mingw32/bin/../lib/gcc/nios2-elf/5.3.0/../../../../../H-x86_64-mingw32/nios2-elf/lib/mno-hw-mul\libc.a(lib_a-puts.o)
 .text._puts_r  0x000000000800a5f0       0xc0 c:/intelfpga_lite/16.1/nios2eds/bin/gnu/h-x86_64-mingw32/bin/../lib/gcc/nios2-elf/5.3.0/../../../../../H-x86_64-mingw32/nios2-elf/lib/mno-hw-mul\libc.a(lib_a-puts.o)
                0x000000000800a5f0                _puts_r
 .text.puts     0x000000000800a6b0       0x14 c:/intelfpga_lite/16.1/nios2eds/bin/gnu/h-x86_64-mingw32/bin/../lib/gcc/nios2-elf/5.3.0/../../../../../H-x86_64-mingw32/nios2-elf/lib/mno-hw-mul\libc.a(lib_a-puts.o)
                0x000000000800a6b0                puts
 .text          0x000000000800a6c4        0x0 c:/intelfpga_lite/16.1/nios2eds/bin/gnu/h-x86_64-mingw32/bin/../lib/gcc/nios2-elf/5.3.0/../../../../../H-x86_64-mingw32/nios2-elf/lib/mno-hw-mul\libc.a(lib_a-reallocr.o)
 .text._realloc_r
                0x000000000800a6c4      0x564 c:/intelfpga_lite/16.1/nios2eds/bin/gnu/h-x86_64-mingw32/bin/../lib/gcc/nios2-elf/5.3.0/../../../../../H-x86_64-mingw32/nios2-elf/lib/mno-hw-mul\libc.a(lib_a-reallocr.o)
                0x000000000800a6c4                _realloc_r
 .text          0x000000000800ac28        0x0 c:/intelfpga_lite/16.1/nios2eds/bin/gnu/h-x86_64-mingw32/bin/../lib/gcc/nios2-elf/5.3.0/../../../../../H-x86_64-mingw32/nios2-elf/lib/mno-hw-mul\libc.a(lib_a-rget.o)
 .text.__srget_r
                0x000000000800ac28       0x74 c:/intelfpga_lite/16.1/nios2eds/bin/gnu/h-x86_64-mingw32/bin/../lib/gcc/nios2-elf/5.3.0/../../../../../H-x86_64-mingw32/nios2-elf/lib/mno-hw-mul\libc.a(lib_a-rget.o)
                0x000000000800ac28                __srget_r
 .text.__srget  0x000000000800ac9c       0x14 c:/intelfpga_lite/16.1/nios2eds/bin/gnu/h-x86_64-mingw32/bin/../lib/gcc/nios2-elf/5.3.0/../../../../../H-x86_64-mingw32/nios2-elf/lib/mno-hw-mul\libc.a(lib_a-rget.o)
                0x000000000800ac9c                __srget
 .text          0x000000000800acb0        0x0 c:/intelfpga_lite/16.1/nios2eds/bin/gnu/h-x86_64-mingw32/bin/../lib/gcc/nios2-elf/5.3.0/../../../../../H-x86_64-mingw32/nios2-elf/lib/mno-hw-mul\libc.a(lib_a-sbrkr.o)
 .text._sbrk_r  0x000000000800acb0       0x54 c:/intelfpga_lite/16.1/nios2eds/bin/gnu/h-x86_64-mingw32/bin/../lib/gcc/nios2-elf/5.3.0/../../../../../H-x86_64-mingw32/nios2-elf/lib/mno-hw-mul\libc.a(lib_a-sbrkr.o)
                0x000000000800acb0                _sbrk_r
 .text          0x000000000800ad04        0x0 c:/intelfpga_lite/16.1/nios2eds/bin/gnu/h-x86_64-mingw32/bin/../lib/gcc/nios2-elf/5.3.0/../../../../../H-x86_64-mingw32/nios2-elf/lib/mno-hw-mul\libc.a(lib_a-scanf.o)
 .text.scanf    0x000000000800ad04       0x3c c:/intelfpga_lite/16.1/nios2eds/bin/gnu/h-x86_64-mingw32/bin/../lib/gcc/nios2-elf/5.3.0/../../../../../H-x86_64-mingw32/nios2-elf/lib/mno-hw-mul\libc.a(lib_a-scanf.o)
                0x000000000800ad04                scanf
 .text._scanf_r
                0x000000000800ad40       0x30 c:/intelfpga_lite/16.1/nios2eds/bin/gnu/h-x86_64-mingw32/bin/../lib/gcc/nios2-elf/5.3.0/../../../../../H-x86_64-mingw32/nios2-elf/lib/mno-hw-mul\libc.a(lib_a-scanf.o)
                0x000000000800ad40                _scanf_r
 .text          0x000000000800ad70        0x0 c:/intelfpga_lite/16.1/nios2eds/bin/gnu/h-x86_64-mingw32/bin/../lib/gcc/nios2-elf/5.3.0/../../../../../H-x86_64-mingw32/nios2-elf/lib/mno-hw-mul\libc.a(lib_a-strlen.o)
 .text.strlen   0x000000000800ad70       0x98 c:/intelfpga_lite/16.1/nios2eds/bin/gnu/h-x86_64-mingw32/bin/../lib/gcc/nios2-elf/5.3.0/../../../../../H-x86_64-mingw32/nios2-elf/lib/mno-hw-mul\libc.a(lib_a-strlen.o)
                0x000000000800ad70                strlen
 .text          0x000000000800ae08        0x0 c:/intelfpga_lite/16.1/nios2eds/bin/gnu/h-x86_64-mingw32/bin/../lib/gcc/nios2-elf/5.3.0/../../../../../H-x86_64-mingw32/nios2-elf/lib/mno-hw-mul\libc.a(lib_a-vfscanf.o)
 .text.__svfscanf_r
                0x000000000800ae08     0x198c c:/intelfpga_lite/16.1/nios2eds/bin/gnu/h-x86_64-mingw32/bin/../lib/gcc/nios2-elf/5.3.0/../../../../../H-x86_64-mingw32/nios2-elf/lib/mno-hw-mul\libc.a(lib_a-vfscanf.o)
                0x000000000800ae08                __svfscanf_r
 .text.vfscanf  0x000000000800c794       0x68 c:/intelfpga_lite/16.1/nios2eds/bin/gnu/h-x86_64-mingw32/bin/../lib/gcc/nios2-elf/5.3.0/../../../../../H-x86_64-mingw32/nios2-elf/lib/mno-hw-mul\libc.a(lib_a-vfscanf.o)
                0x000000000800c794                vfscanf
 .text.__svfscanf
                0x000000000800c7fc       0x1c c:/intelfpga_lite/16.1/nios2eds/bin/gnu/h-x86_64-mingw32/bin/../lib/gcc/nios2-elf/5.3.0/../../../../../H-x86_64-mingw32/nios2-elf/lib/mno-hw-mul\libc.a(lib_a-vfscanf.o)
                0x000000000800c7fc                __svfscanf
 .text._vfscanf_r
                0x000000000800c818       0x4c c:/intelfpga_lite/16.1/nios2eds/bin/gnu/h-x86_64-mingw32/bin/../lib/gcc/nios2-elf/5.3.0/../../../../../H-x86_64-mingw32/nios2-elf/lib/mno-hw-mul\libc.a(lib_a-vfscanf.o)
                0x000000000800c818                _vfscanf_r
 .text          0x000000000800c864        0x0 c:/intelfpga_lite/16.1/nios2eds/bin/gnu/h-x86_64-mingw32/bin/../lib/gcc/nios2-elf/5.3.0/../../../../../H-x86_64-mingw32/nios2-elf/lib/mno-hw-mul\libc.a(lib_a-wbuf.o)
 .text.__swbuf_r
                0x000000000800c864      0x140 c:/intelfpga_lite/16.1/nios2eds/bin/gnu/h-x86_64-mingw32/bin/../lib/gcc/nios2-elf/5.3.0/../../../../../H-x86_64-mingw32/nios2-elf/lib/mno-hw-mul\libc.a(lib_a-wbuf.o)
                0x000000000800c864                __swbuf_r
 .text.__swbuf  0x000000000800c9a4       0x18 c:/intelfpga_lite/16.1/nios2eds/bin/gnu/h-x86_64-mingw32/bin/../lib/gcc/nios2-elf/5.3.0/../../../../../H-x86_64-mingw32/nios2-elf/lib/mno-hw-mul\libc.a(lib_a-wbuf.o)
                0x000000000800c9a4                __swbuf
 .text          0x000000000800c9bc        0x0 c:/intelfpga_lite/16.1/nios2eds/bin/gnu/h-x86_64-mingw32/bin/../lib/gcc/nios2-elf/5.3.0/../../../../../H-x86_64-mingw32/nios2-elf/lib/mno-hw-mul\libc.a(lib_a-wsetup.o)
 .text.__swsetup_r
                0x000000000800c9bc      0x154 c:/intelfpga_lite/16.1/nios2eds/bin/gnu/h-x86_64-mingw32/bin/../lib/gcc/nios2-elf/5.3.0/../../../../../H-x86_64-mingw32/nios2-elf/lib/mno-hw-mul\libc.a(lib_a-wsetup.o)
                0x000000000800c9bc                __swsetup_r
 .text          0x000000000800cb10        0x0 c:/intelfpga_lite/16.1/nios2eds/bin/gnu/h-x86_64-mingw32/bin/../lib/gcc/nios2-elf/5.3.0/../../../../../H-x86_64-mingw32/nios2-elf/lib/mno-hw-mul\libc.a(lib_a-__atexit.o)
 .text.__register_exitproc
                0x000000000800cb10      0x118 c:/intelfpga_lite/16.1/nios2eds/bin/gnu/h-x86_64-mingw32/bin/../lib/gcc/nios2-elf/5.3.0/../../../../../H-x86_64-mingw32/nios2-elf/lib/mno-hw-mul\libc.a(lib_a-__atexit.o)
                0x000000000800cb10                __register_exitproc
 .text          0x000000000800cc28        0x0 c:/intelfpga_lite/16.1/nios2eds/bin/gnu/h-x86_64-mingw32/bin/../lib/gcc/nios2-elf/5.3.0/../../../../../H-x86_64-mingw32/nios2-elf/lib/mno-hw-mul\libc.a(lib_a-__call_atexit.o)
 .text.__call_exitprocs
                0x000000000800cc28      0x180 c:/intelfpga_lite/16.1/nios2eds/bin/gnu/h-x86_64-mingw32/bin/../lib/gcc/nios2-elf/5.3.0/../../../../../H-x86_64-mingw32/nios2-elf/lib/mno-hw-mul\libc.a(lib_a-__call_atexit.o)
                0x000000000800cc28                __call_exitprocs
 .text          0x000000000800cda8        0x0 c:/intelfpga_lite/16.1/nios2eds/bin/gnu/h-x86_64-mingw32/bin/../lib/gcc/nios2-elf/5.3.0/../../../../../H-x86_64-mingw32/nios2-elf/lib/mno-hw-mul\libc.a(lib_a-ctype_.o)
 .text          0x000000000800cda8        0x0 c:/intelfpga_lite/16.1/nios2eds/bin/gnu/h-x86_64-mingw32/bin/../lib/gcc/nios2-elf/5.3.0/../../../../../H-x86_64-mingw32/nios2-elf/lib/mno-hw-mul\libc.a(lib_a-fflush.o)
 .text.__sflush_r
                0x000000000800cda8      0x21c c:/intelfpga_lite/16.1/nios2eds/bin/gnu/h-x86_64-mingw32/bin/../lib/gcc/nios2-elf/5.3.0/../../../../../H-x86_64-mingw32/nios2-elf/lib/mno-hw-mul\libc.a(lib_a-fflush.o)
                0x000000000800cda8                __sflush_r
 .text._fflush_r
                0x000000000800cfc4       0x5c c:/intelfpga_lite/16.1/nios2eds/bin/gnu/h-x86_64-mingw32/bin/../lib/gcc/nios2-elf/5.3.0/../../../../../H-x86_64-mingw32/nios2-elf/lib/mno-hw-mul\libc.a(lib_a-fflush.o)
                0x000000000800cfc4                _fflush_r
 .text.fflush   0x000000000800d020       0x30 c:/intelfpga_lite/16.1/nios2eds/bin/gnu/h-x86_64-mingw32/bin/../lib/gcc/nios2-elf/5.3.0/../../../../../H-x86_64-mingw32/nios2-elf/lib/mno-hw-mul\libc.a(lib_a-fflush.o)
                0x000000000800d020                fflush
 .text          0x000000000800d050        0x0 c:/intelfpga_lite/16.1/nios2eds/bin/gnu/h-x86_64-mingw32/bin/../lib/gcc/nios2-elf/5.3.0/../../../../../H-x86_64-mingw32/nios2-elf/lib/mno-hw-mul\libc.a(lib_a-findfp.o)
 .text.__fp_unlock
                0x000000000800d050        0x8 c:/intelfpga_lite/16.1/nios2eds/bin/gnu/h-x86_64-mingw32/bin/../lib/gcc/nios2-elf/5.3.0/../../../../../H-x86_64-mingw32/nios2-elf/lib/mno-hw-mul\libc.a(lib_a-findfp.o)
 .text._cleanup_r
                0x000000000800d058        0xc c:/intelfpga_lite/16.1/nios2eds/bin/gnu/h-x86_64-mingw32/bin/../lib/gcc/nios2-elf/5.3.0/../../../../../H-x86_64-mingw32/nios2-elf/lib/mno-hw-mul\libc.a(lib_a-findfp.o)
                0x000000000800d058                _cleanup_r
 .text.__sinit.part.1
                0x000000000800d064      0x19c c:/intelfpga_lite/16.1/nios2eds/bin/gnu/h-x86_64-mingw32/bin/../lib/gcc/nios2-elf/5.3.0/../../../../../H-x86_64-mingw32/nios2-elf/lib/mno-hw-mul\libc.a(lib_a-findfp.o)
 .text.__fp_lock
                0x000000000800d200        0x8 c:/intelfpga_lite/16.1/nios2eds/bin/gnu/h-x86_64-mingw32/bin/../lib/gcc/nios2-elf/5.3.0/../../../../../H-x86_64-mingw32/nios2-elf/lib/mno-hw-mul\libc.a(lib_a-findfp.o)
 .text.__sfmoreglue
                0x000000000800d208       0x78 c:/intelfpga_lite/16.1/nios2eds/bin/gnu/h-x86_64-mingw32/bin/../lib/gcc/nios2-elf/5.3.0/../../../../../H-x86_64-mingw32/nios2-elf/lib/mno-hw-mul\libc.a(lib_a-findfp.o)
                0x000000000800d208                __sfmoreglue
 .text.__sfp    0x000000000800d280      0x118 c:/intelfpga_lite/16.1/nios2eds/bin/gnu/h-x86_64-mingw32/bin/../lib/gcc/nios2-elf/5.3.0/../../../../../H-x86_64-mingw32/nios2-elf/lib/mno-hw-mul\libc.a(lib_a-findfp.o)
                0x000000000800d280                __sfp
 .text._cleanup
                0x000000000800d398       0x18 c:/intelfpga_lite/16.1/nios2eds/bin/gnu/h-x86_64-mingw32/bin/../lib/gcc/nios2-elf/5.3.0/../../../../../H-x86_64-mingw32/nios2-elf/lib/mno-hw-mul\libc.a(lib_a-findfp.o)
                0x000000000800d398                _cleanup
 .text.__sinit  0x000000000800d3b0       0x10 c:/intelfpga_lite/16.1/nios2eds/bin/gnu/h-x86_64-mingw32/bin/../lib/gcc/nios2-elf/5.3.0/../../../../../H-x86_64-mingw32/nios2-elf/lib/mno-hw-mul\libc.a(lib_a-findfp.o)
                0x000000000800d3b0                __sinit
 .text.__sfp_lock_acquire
                0x000000000800d3c0        0x4 c:/intelfpga_lite/16.1/nios2eds/bin/gnu/h-x86_64-mingw32/bin/../lib/gcc/nios2-elf/5.3.0/../../../../../H-x86_64-mingw32/nios2-elf/lib/mno-hw-mul\libc.a(lib_a-findfp.o)
                0x000000000800d3c0                __sfp_lock_acquire
 .text.__sfp_lock_release
                0x000000000800d3c4        0x4 c:/intelfpga_lite/16.1/nios2eds/bin/gnu/h-x86_64-mingw32/bin/../lib/gcc/nios2-elf/5.3.0/../../../../../H-x86_64-mingw32/nios2-elf/lib/mno-hw-mul\libc.a(lib_a-findfp.o)
                0x000000000800d3c4                __sfp_lock_release
 .text.__sinit_lock_acquire
                0x000000000800d3c8        0x4 c:/intelfpga_lite/16.1/nios2eds/bin/gnu/h-x86_64-mingw32/bin/../lib/gcc/nios2-elf/5.3.0/../../../../../H-x86_64-mingw32/nios2-elf/lib/mno-hw-mul\libc.a(lib_a-findfp.o)
                0x000000000800d3c8                __sinit_lock_acquire
 .text.__sinit_lock_release
                0x000000000800d3cc        0x4 c:/intelfpga_lite/16.1/nios2eds/bin/gnu/h-x86_64-mingw32/bin/../lib/gcc/nios2-elf/5.3.0/../../../../../H-x86_64-mingw32/nios2-elf/lib/mno-hw-mul\libc.a(lib_a-findfp.o)
                0x000000000800d3cc                __sinit_lock_release
 .text.__fp_lock_all
                0x000000000800d3d0       0x18 c:/intelfpga_lite/16.1/nios2eds/bin/gnu/h-x86_64-mingw32/bin/../lib/gcc/nios2-elf/5.3.0/../../../../../H-x86_64-mingw32/nios2-elf/lib/mno-hw-mul\libc.a(lib_a-findfp.o)
                0x000000000800d3d0                __fp_lock_all
 .text.__fp_unlock_all
                0x000000000800d3e8       0x18 c:/intelfpga_lite/16.1/nios2eds/bin/gnu/h-x86_64-mingw32/bin/../lib/gcc/nios2-elf/5.3.0/../../../../../H-x86_64-mingw32/nios2-elf/lib/mno-hw-mul\libc.a(lib_a-findfp.o)
                0x000000000800d3e8                __fp_unlock_all
 .text          0x000000000800d400        0x0 c:/intelfpga_lite/16.1/nios2eds/bin/gnu/h-x86_64-mingw32/bin/../lib/gcc/nios2-elf/5.3.0/../../../../../H-x86_64-mingw32/nios2-elf/lib/mno-hw-mul\libc.a(lib_a-fread.o)
 .text._fread_r
                0x000000000800d400      0x23c c:/intelfpga_lite/16.1/nios2eds/bin/gnu/h-x86_64-mingw32/bin/../lib/gcc/nios2-elf/5.3.0/../../../../../H-x86_64-mingw32/nios2-elf/lib/mno-hw-mul\libc.a(lib_a-fread.o)
                0x000000000800d400                _fread_r
 .text.fread    0x000000000800d63c       0x34 c:/intelfpga_lite/16.1/nios2eds/bin/gnu/h-x86_64-mingw32/bin/../lib/gcc/nios2-elf/5.3.0/../../../../../H-x86_64-mingw32/nios2-elf/lib/mno-hw-mul\libc.a(lib_a-fread.o)
                0x000000000800d63c                fread
 .text          0x000000000800d670        0x0 c:/intelfpga_lite/16.1/nios2eds/bin/gnu/h-x86_64-mingw32/bin/../lib/gcc/nios2-elf/5.3.0/../../../../../H-x86_64-mingw32/nios2-elf/lib/mno-hw-mul\libc.a(lib_a-freer.o)
 .text._malloc_trim_r
                0x000000000800d670      0x124 c:/intelfpga_lite/16.1/nios2eds/bin/gnu/h-x86_64-mingw32/bin/../lib/gcc/nios2-elf/5.3.0/../../../../../H-x86_64-mingw32/nios2-elf/lib/mno-hw-mul\libc.a(lib_a-freer.o)
                0x000000000800d670                _malloc_trim_r
 .text._free_r  0x000000000800d794      0x310 c:/intelfpga_lite/16.1/nios2eds/bin/gnu/h-x86_64-mingw32/bin/../lib/gcc/nios2-elf/5.3.0/../../../../../H-x86_64-mingw32/nios2-elf/lib/mno-hw-mul\libc.a(lib_a-freer.o)
                0x000000000800d794                _free_r
 .text          0x000000000800daa4        0x0 c:/intelfpga_lite/16.1/nios2eds/bin/gnu/h-x86_64-mingw32/bin/../lib/gcc/nios2-elf/5.3.0/../../../../../H-x86_64-mingw32/nios2-elf/lib/mno-hw-mul\libc.a(lib_a-fwalk.o)
 .text._fwalk   0x000000000800daa4       0xc4 c:/intelfpga_lite/16.1/nios2eds/bin/gnu/h-x86_64-mingw32/bin/../lib/gcc/nios2-elf/5.3.0/../../../../../H-x86_64-mingw32/nios2-elf/lib/mno-hw-mul\libc.a(lib_a-fwalk.o)
                0x000000000800daa4                _fwalk
 .text._fwalk_reent
                0x000000000800db68       0xc4 c:/intelfpga_lite/16.1/nios2eds/bin/gnu/h-x86_64-mingw32/bin/../lib/gcc/nios2-elf/5.3.0/../../../../../H-x86_64-mingw32/nios2-elf/lib/mno-hw-mul\libc.a(lib_a-fwalk.o)
                0x000000000800db68                _fwalk_reent
 .text          0x000000000800dc2c        0x0 c:/intelfpga_lite/16.1/nios2eds/bin/gnu/h-x86_64-mingw32/bin/../lib/gcc/nios2-elf/5.3.0/../../../../../H-x86_64-mingw32/nios2-elf/lib/mno-hw-mul\libc.a(lib_a-iswspace.o)
 .text.iswspace
                0x000000000800dc2c       0x30 c:/intelfpga_lite/16.1/nios2eds/bin/gnu/h-x86_64-mingw32/bin/../lib/gcc/nios2-elf/5.3.0/../../../../../H-x86_64-mingw32/nios2-elf/lib/mno-hw-mul\libc.a(lib_a-iswspace.o)
                0x000000000800dc2c                iswspace
 .text          0x000000000800dc5c        0x0 c:/intelfpga_lite/16.1/nios2eds/bin/gnu/h-x86_64-mingw32/bin/../lib/gcc/nios2-elf/5.3.0/../../../../../H-x86_64-mingw32/nios2-elf/lib/mno-hw-mul\libc.a(lib_a-locale.o)
 .text._setlocale_r
                0x000000000800dc5c       0x7c c:/intelfpga_lite/16.1/nios2eds/bin/gnu/h-x86_64-mingw32/bin/../lib/gcc/nios2-elf/5.3.0/../../../../../H-x86_64-mingw32/nios2-elf/lib/mno-hw-mul\libc.a(lib_a-locale.o)
                0x000000000800dc5c                _setlocale_r
 .text.__locale_charset
                0x000000000800dcd8        0xc c:/intelfpga_lite/16.1/nios2eds/bin/gnu/h-x86_64-mingw32/bin/../lib/gcc/nios2-elf/5.3.0/../../../../../H-x86_64-mingw32/nios2-elf/lib/mno-hw-mul\libc.a(lib_a-locale.o)
                0x000000000800dcd8                __locale_charset
 .text.__locale_mb_cur_max
                0x000000000800dce4       0x10 c:/intelfpga_lite/16.1/nios2eds/bin/gnu/h-x86_64-mingw32/bin/../lib/gcc/nios2-elf/5.3.0/../../../../../H-x86_64-mingw32/nios2-elf/lib/mno-hw-mul\libc.a(lib_a-locale.o)
                0x000000000800dce4                __locale_mb_cur_max
 .text.__locale_msgcharset
                0x000000000800dcf4        0xc c:/intelfpga_lite/16.1/nios2eds/bin/gnu/h-x86_64-mingw32/bin/../lib/gcc/nios2-elf/5.3.0/../../../../../H-x86_64-mingw32/nios2-elf/lib/mno-hw-mul\libc.a(lib_a-locale.o)
                0x000000000800dcf4                __locale_msgcharset
 .text.__locale_cjk_lang
                0x000000000800dd00        0x8 c:/intelfpga_lite/16.1/nios2eds/bin/gnu/h-x86_64-mingw32/bin/../lib/gcc/nios2-elf/5.3.0/../../../../../H-x86_64-mingw32/nios2-elf/lib/mno-hw-mul\libc.a(lib_a-locale.o)
                0x000000000800dd00                __locale_cjk_lang
 .text._localeconv_r
                0x000000000800dd08        0xc c:/intelfpga_lite/16.1/nios2eds/bin/gnu/h-x86_64-mingw32/bin/../lib/gcc/nios2-elf/5.3.0/../../../../../H-x86_64-mingw32/nios2-elf/lib/mno-hw-mul\libc.a(lib_a-locale.o)
                0x000000000800dd08                _localeconv_r
 .text.setlocale
                0x000000000800dd14       0x18 c:/intelfpga_lite/16.1/nios2eds/bin/gnu/h-x86_64-mingw32/bin/../lib/gcc/nios2-elf/5.3.0/../../../../../H-x86_64-mingw32/nios2-elf/lib/mno-hw-mul\libc.a(lib_a-locale.o)
                0x000000000800dd14                setlocale
 .text.localeconv
                0x000000000800dd2c        0xc c:/intelfpga_lite/16.1/nios2eds/bin/gnu/h-x86_64-mingw32/bin/../lib/gcc/nios2-elf/5.3.0/../../../../../H-x86_64-mingw32/nios2-elf/lib/mno-hw-mul\libc.a(lib_a-locale.o)
                0x000000000800dd2c                localeconv
 .text          0x000000000800dd38        0x0 c:/intelfpga_lite/16.1/nios2eds/bin/gnu/h-x86_64-mingw32/bin/../lib/gcc/nios2-elf/5.3.0/../../../../../H-x86_64-mingw32/nios2-elf/lib/mno-hw-mul\libc.a(lib_a-makebuf.o)
 .text.__smakebuf_r
                0x000000000800dd38      0x1bc c:/intelfpga_lite/16.1/nios2eds/bin/gnu/h-x86_64-mingw32/bin/../lib/gcc/nios2-elf/5.3.0/../../../../../H-x86_64-mingw32/nios2-elf/lib/mno-hw-mul\libc.a(lib_a-makebuf.o)
                0x000000000800dd38                __smakebuf_r
 .text          0x000000000800def4        0x0 c:/intelfpga_lite/16.1/nios2eds/bin/gnu/h-x86_64-mingw32/bin/../lib/gcc/nios2-elf/5.3.0/../../../../../H-x86_64-mingw32/nios2-elf/lib/mno-hw-mul\libc.a(lib_a-mbrtowc.o)
 .text._mbrtowc_r
                0x000000000800def4       0xac c:/intelfpga_lite/16.1/nios2eds/bin/gnu/h-x86_64-mingw32/bin/../lib/gcc/nios2-elf/5.3.0/../../../../../H-x86_64-mingw32/nios2-elf/lib/mno-hw-mul\libc.a(lib_a-mbrtowc.o)
                0x000000000800def4                _mbrtowc_r
 .text.mbrtowc  0x000000000800dfa0       0xd8 c:/intelfpga_lite/16.1/nios2eds/bin/gnu/h-x86_64-mingw32/bin/../lib/gcc/nios2-elf/5.3.0/../../../../../H-x86_64-mingw32/nios2-elf/lib/mno-hw-mul\libc.a(lib_a-mbrtowc.o)
                0x000000000800dfa0                mbrtowc
 .text          0x000000000800e078        0x0 c:/intelfpga_lite/16.1/nios2eds/bin/gnu/h-x86_64-mingw32/bin/../lib/gcc/nios2-elf/5.3.0/../../../../../H-x86_64-mingw32/nios2-elf/lib/mno-hw-mul\libc.a(lib_a-mbtowc_r.o)
 .text.__ascii_mbtowc
                0x000000000800e078       0x44 c:/intelfpga_lite/16.1/nios2eds/bin/gnu/h-x86_64-mingw32/bin/../lib/gcc/nios2-elf/5.3.0/../../../../../H-x86_64-mingw32/nios2-elf/lib/mno-hw-mul\libc.a(lib_a-mbtowc_r.o)
                0x000000000800e078                __ascii_mbtowc
 .text._mbtowc_r
                0x000000000800e0bc       0x5c c:/intelfpga_lite/16.1/nios2eds/bin/gnu/h-x86_64-mingw32/bin/../lib/gcc/nios2-elf/5.3.0/../../../../../H-x86_64-mingw32/nios2-elf/lib/mno-hw-mul\libc.a(lib_a-mbtowc_r.o)
                0x000000000800e0bc                _mbtowc_r
 .text          0x000000000800e118        0x0 c:/intelfpga_lite/16.1/nios2eds/bin/gnu/h-x86_64-mingw32/bin/../lib/gcc/nios2-elf/5.3.0/../../../../../H-x86_64-mingw32/nios2-elf/lib/mno-hw-mul\libc.a(lib_a-refill.o)
 .text.lflush   0x000000000800e118       0x1c c:/intelfpga_lite/16.1/nios2eds/bin/gnu/h-x86_64-mingw32/bin/../lib/gcc/nios2-elf/5.3.0/../../../../../H-x86_64-mingw32/nios2-elf/lib/mno-hw-mul\libc.a(lib_a-refill.o)
 .text.__srefill_r
                0x000000000800e134      0x1d4 c:/intelfpga_lite/16.1/nios2eds/bin/gnu/h-x86_64-mingw32/bin/../lib/gcc/nios2-elf/5.3.0/../../../../../H-x86_64-mingw32/nios2-elf/lib/mno-hw-mul\libc.a(lib_a-refill.o)
                0x000000000800e134                __srefill_r
 .text          0x000000000800e308        0x0 c:/intelfpga_lite/16.1/nios2eds/bin/gnu/h-x86_64-mingw32/bin/../lib/gcc/nios2-elf/5.3.0/../../../../../H-x86_64-mingw32/nios2-elf/lib/mno-hw-mul\libc.a(lib_a-s_fpclassify.o)
 .text.__fpclassifyd
                0x000000000800e308       0x74 c:/intelfpga_lite/16.1/nios2eds/bin/gnu/h-x86_64-mingw32/bin/../lib/gcc/nios2-elf/5.3.0/../../../../../H-x86_64-mingw32/nios2-elf/lib/mno-hw-mul\libc.a(lib_a-s_fpclassify.o)
                0x000000000800e308                __fpclassifyd
 .text          0x000000000800e37c        0x0 c:/intelfpga_lite/16.1/nios2eds/bin/gnu/h-x86_64-mingw32/bin/../lib/gcc/nios2-elf/5.3.0/../../../../../H-x86_64-mingw32/nios2-elf/lib/mno-hw-mul\libc.a(lib_a-sccl.o)
 .text.__sccl   0x000000000800e37c       0xd0 c:/intelfpga_lite/16.1/nios2eds/bin/gnu/h-x86_64-mingw32/bin/../lib/gcc/nios2-elf/5.3.0/../../../../../H-x86_64-mingw32/nios2-elf/lib/mno-hw-mul\libc.a(lib_a-sccl.o)
                0x000000000800e37c                __sccl
 .text          0x000000000800e44c        0x0 c:/intelfpga_lite/16.1/nios2eds/bin/gnu/h-x86_64-mingw32/bin/../lib/gcc/nios2-elf/5.3.0/../../../../../H-x86_64-mingw32/nios2-elf/lib/mno-hw-mul\libc.a(lib_a-sf_nan.o)
 .text.nanf     0x000000000800e44c        0x8 c:/intelfpga_lite/16.1/nios2eds/bin/gnu/h-x86_64-mingw32/bin/../lib/gcc/nios2-elf/5.3.0/../../../../../H-x86_64-mingw32/nios2-elf/lib/mno-hw-mul\libc.a(lib_a-sf_nan.o)
                0x000000000800e44c                nanf
 .text          0x000000000800e454        0x0 c:/intelfpga_lite/16.1/nios2eds/bin/gnu/h-x86_64-mingw32/bin/../lib/gcc/nios2-elf/5.3.0/../../../../../H-x86_64-mingw32/nios2-elf/lib/mno-hw-mul\libc.a(lib_a-sprintf.o)
 .text._sprintf_r
                0x000000000800e454       0x58 c:/intelfpga_lite/16.1/nios2eds/bin/gnu/h-x86_64-mingw32/bin/../lib/gcc/nios2-elf/5.3.0/../../../../../H-x86_64-mingw32/nios2-elf/lib/mno-hw-mul\libc.a(lib_a-sprintf.o)
                0x000000000800e454                _sprintf_r
 .text.sprintf  0x000000000800e4ac       0x6c c:/intelfpga_lite/16.1/nios2eds/bin/gnu/h-x86_64-mingw32/bin/../lib/gcc/nios2-elf/5.3.0/../../../../../H-x86_64-mingw32/nios2-elf/lib/mno-hw-mul\libc.a(lib_a-sprintf.o)
                0x000000000800e4ac                sprintf
 .text          0x000000000800e518        0x0 c:/intelfpga_lite/16.1/nios2eds/bin/gnu/h-x86_64-mingw32/bin/../lib/gcc/nios2-elf/5.3.0/../../../../../H-x86_64-mingw32/nios2-elf/lib/mno-hw-mul\libc.a(lib_a-stdio.o)
 .text.__sread  0x000000000800e518       0x54 c:/intelfpga_lite/16.1/nios2eds/bin/gnu/h-x86_64-mingw32/bin/../lib/gcc/nios2-elf/5.3.0/../../../../../H-x86_64-mingw32/nios2-elf/lib/mno-hw-mul\libc.a(lib_a-stdio.o)
                0x000000000800e518                __sread
 .text.__seofread
                0x000000000800e56c        0x8 c:/intelfpga_lite/16.1/nios2eds/bin/gnu/h-x86_64-mingw32/bin/../lib/gcc/nios2-elf/5.3.0/../../../../../H-x86_64-mingw32/nios2-elf/lib/mno-hw-mul\libc.a(lib_a-stdio.o)
                0x000000000800e56c                __seofread
 .text.__swrite
                0x000000000800e574       0x7c c:/intelfpga_lite/16.1/nios2eds/bin/gnu/h-x86_64-mingw32/bin/../lib/gcc/nios2-elf/5.3.0/../../../../../H-x86_64-mingw32/nios2-elf/lib/mno-hw-mul\libc.a(lib_a-stdio.o)
                0x000000000800e574                __swrite
 .text.__sseek  0x000000000800e5f0       0x5c c:/intelfpga_lite/16.1/nios2eds/bin/gnu/h-x86_64-mingw32/bin/../lib/gcc/nios2-elf/5.3.0/../../../../../H-x86_64-mingw32/nios2-elf/lib/mno-hw-mul\libc.a(lib_a-stdio.o)
                0x000000000800e5f0                __sseek
 .text.__sclose
                0x000000000800e64c        0x8 c:/intelfpga_lite/16.1/nios2eds/bin/gnu/h-x86_64-mingw32/bin/../lib/gcc/nios2-elf/5.3.0/../../../../../H-x86_64-mingw32/nios2-elf/lib/mno-hw-mul\libc.a(lib_a-stdio.o)
                0x000000000800e64c                __sclose
 .text          0x000000000800e654        0x0 c:/intelfpga_lite/16.1/nios2eds/bin/gnu/h-x86_64-mingw32/bin/../lib/gcc/nios2-elf/5.3.0/../../../../../H-x86_64-mingw32/nios2-elf/lib/mno-hw-mul\libc.a(lib_a-strcmp.o)
 .text.strcmp   0x000000000800e654       0xdc c:/intelfpga_lite/16.1/nios2eds/bin/gnu/h-x86_64-mingw32/bin/../lib/gcc/nios2-elf/5.3.0/../../../../../H-x86_64-mingw32/nios2-elf/lib/mno-hw-mul\libc.a(lib_a-strcmp.o)
                0x000000000800e654                strcmp
 .text          0x000000000800e730        0x0 c:/intelfpga_lite/16.1/nios2eds/bin/gnu/h-x86_64-mingw32/bin/../lib/gcc/nios2-elf/5.3.0/../../../../../H-x86_64-mingw32/nios2-elf/lib/mno-hw-mul\libc.a(lib_a-strtod.o)
 .text.sulp     0x000000000800e730       0x64 c:/intelfpga_lite/16.1/nios2eds/bin/gnu/h-x86_64-mingw32/bin/../lib/gcc/nios2-elf/5.3.0/../../../../../H-x86_64-mingw32/nios2-elf/lib/mno-hw-mul\libc.a(lib_a-strtod.o)
 .text._strtod_r
                0x000000000800e794     0x15e4 c:/intelfpga_lite/16.1/nios2eds/bin/gnu/h-x86_64-mingw32/bin/../lib/gcc/nios2-elf/5.3.0/../../../../../H-x86_64-mingw32/nios2-elf/lib/mno-hw-mul\libc.a(lib_a-strtod.o)
                0x000000000800e794                _strtod_r
 .text.strtod   0x000000000800fd78       0x18 c:/intelfpga_lite/16.1/nios2eds/bin/gnu/h-x86_64-mingw32/bin/../lib/gcc/nios2-elf/5.3.0/../../../../../H-x86_64-mingw32/nios2-elf/lib/mno-hw-mul\libc.a(lib_a-strtod.o)
                0x000000000800fd78                strtod
 .text.strtof   0x000000000800fd90      0x100 c:/intelfpga_lite/16.1/nios2eds/bin/gnu/h-x86_64-mingw32/bin/../lib/gcc/nios2-elf/5.3.0/../../../../../H-x86_64-mingw32/nios2-elf/lib/mno-hw-mul\libc.a(lib_a-strtod.o)
                0x000000000800fd90                strtof
 .text          0x000000000800fe90        0x0 c:/intelfpga_lite/16.1/nios2eds/bin/gnu/h-x86_64-mingw32/bin/../lib/gcc/nios2-elf/5.3.0/../../../../../H-x86_64-mingw32/nios2-elf/lib/mno-hw-mul\libc.a(lib_a-strtol.o)
 .text._strtol_r
                0x000000000800fe90      0x258 c:/intelfpga_lite/16.1/nios2eds/bin/gnu/h-x86_64-mingw32/bin/../lib/gcc/nios2-elf/5.3.0/../../../../../H-x86_64-mingw32/nios2-elf/lib/mno-hw-mul\libc.a(lib_a-strtol.o)
                0x000000000800fe90                _strtol_r
 .text.strtol   0x00000000080100e8       0x1c c:/intelfpga_lite/16.1/nios2eds/bin/gnu/h-x86_64-mingw32/bin/../lib/gcc/nios2-elf/5.3.0/../../../../../H-x86_64-mingw32/nios2-elf/lib/mno-hw-mul\libc.a(lib_a-strtol.o)
                0x00000000080100e8                strtol
 .text          0x0000000008010104        0x0 c:/intelfpga_lite/16.1/nios2eds/bin/gnu/h-x86_64-mingw32/bin/../lib/gcc/nios2-elf/5.3.0/../../../../../H-x86_64-mingw32/nios2-elf/lib/mno-hw-mul\libc.a(lib_a-strtoll_r.o)
 .text._strtoll_r
                0x0000000008010104      0x304 c:/intelfpga_lite/16.1/nios2eds/bin/gnu/h-x86_64-mingw32/bin/../lib/gcc/nios2-elf/5.3.0/../../../../../H-x86_64-mingw32/nios2-elf/lib/mno-hw-mul\libc.a(lib_a-strtoll_r.o)
                0x0000000008010104                _strtoll_r
 .text          0x0000000008010408        0x0 c:/intelfpga_lite/16.1/nios2eds/bin/gnu/h-x86_64-mingw32/bin/../lib/gcc/nios2-elf/5.3.0/../../../../../H-x86_64-mingw32/nios2-elf/lib/mno-hw-mul\libc.a(lib_a-strtoul.o)
 .text._strtoul_r
                0x0000000008010408      0x278 c:/intelfpga_lite/16.1/nios2eds/bin/gnu/h-x86_64-mingw32/bin/../lib/gcc/nios2-elf/5.3.0/../../../../../H-x86_64-mingw32/nios2-elf/lib/mno-hw-mul\libc.a(lib_a-strtoul.o)
                0x0000000008010408                _strtoul_r
 .text.strtoul  0x0000000008010680       0x1c c:/intelfpga_lite/16.1/nios2eds/bin/gnu/h-x86_64-mingw32/bin/../lib/gcc/nios2-elf/5.3.0/../../../../../H-x86_64-mingw32/nios2-elf/lib/mno-hw-mul\libc.a(lib_a-strtoul.o)
                0x0000000008010680                strtoul
 .text          0x000000000801069c        0x0 c:/intelfpga_lite/16.1/nios2eds/bin/gnu/h-x86_64-mingw32/bin/../lib/gcc/nios2-elf/5.3.0/../../../../../H-x86_64-mingw32/nios2-elf/lib/mno-hw-mul\libc.a(lib_a-strtoull_r.o)
 .text._strtoull_r
                0x000000000801069c      0x320 c:/intelfpga_lite/16.1/nios2eds/bin/gnu/h-x86_64-mingw32/bin/../lib/gcc/nios2-elf/5.3.0/../../../../../H-x86_64-mingw32/nios2-elf/lib/mno-hw-mul\libc.a(lib_a-strtoull_r.o)
                0x000000000801069c                _strtoull_r
 .text          0x00000000080109bc        0x0 c:/intelfpga_lite/16.1/nios2eds/bin/gnu/h-x86_64-mingw32/bin/../lib/gcc/nios2-elf/5.3.0/../../../../../H-x86_64-mingw32/nios2-elf/lib/mno-hw-mul\libc.a(lib_a-svfprintf.o)
 .text.___svfprintf_internal_r
                0x00000000080109bc     0x22bc c:/intelfpga_lite/16.1/nios2eds/bin/gnu/h-x86_64-mingw32/bin/../lib/gcc/nios2-elf/5.3.0/../../../../../H-x86_64-mingw32/nios2-elf/lib/mno-hw-mul\libc.a(lib_a-svfprintf.o)
                0x00000000080109bc                ___svfprintf_internal_r
 .text          0x0000000008012c78        0x0 c:/intelfpga_lite/16.1/nios2eds/bin/gnu/h-x86_64-mingw32/bin/../lib/gcc/nios2-elf/5.3.0/../../../../../H-x86_64-mingw32/nios2-elf/lib/mno-hw-mul\libc.a(lib_a-ungetc.o)
 .text.__submore
                0x0000000008012c78       0xd4 c:/intelfpga_lite/16.1/nios2eds/bin/gnu/h-x86_64-mingw32/bin/../lib/gcc/nios2-elf/5.3.0/../../../../../H-x86_64-mingw32/nios2-elf/lib/mno-hw-mul\libc.a(lib_a-ungetc.o)
                0x0000000008012c78                __submore
 .text._ungetc_r
                0x0000000008012d4c      0x194 c:/intelfpga_lite/16.1/nios2eds/bin/gnu/h-x86_64-mingw32/bin/../lib/gcc/nios2-elf/5.3.0/../../../../../H-x86_64-mingw32/nios2-elf/lib/mno-hw-mul\libc.a(lib_a-ungetc.o)
                0x0000000008012d4c                _ungetc_r
 .text.ungetc   0x0000000008012ee0       0x18 c:/intelfpga_lite/16.1/nios2eds/bin/gnu/h-x86_64-mingw32/bin/../lib/gcc/nios2-elf/5.3.0/../../../../../H-x86_64-mingw32/nios2-elf/lib/mno-hw-mul\libc.a(lib_a-ungetc.o)
                0x0000000008012ee0                ungetc
 .text          0x0000000008012ef8        0x0 c:/intelfpga_lite/16.1/nios2eds/bin/gnu/h-x86_64-mingw32/bin/../lib/gcc/nios2-elf/5.3.0/../../../../../H-x86_64-mingw32/nios2-elf/lib/mno-hw-mul\libc.a(lib_a-writer.o)
 .text._write_r
                0x0000000008012ef8       0x60 c:/intelfpga_lite/16.1/nios2eds/bin/gnu/h-x86_64-mingw32/bin/../lib/gcc/nios2-elf/5.3.0/../../../../../H-x86_64-mingw32/nios2-elf/lib/mno-hw-mul\libc.a(lib_a-writer.o)
                0x0000000008012ef8                _write_r
 .text          0x0000000008012f58        0x0 c:/intelfpga_lite/16.1/nios2eds/bin/gnu/h-x86_64-mingw32/bin/../lib/gcc/nios2-elf/5.3.0/../../../../../H-x86_64-mingw32/nios2-elf/lib/mno-hw-mul\libc.a(closer.o)
 .text._close_r
                0x0000000008012f58       0x54 c:/intelfpga_lite/16.1/nios2eds/bin/gnu/h-x86_64-mingw32/bin/../lib/gcc/nios2-elf/5.3.0/../../../../../H-x86_64-mingw32/nios2-elf/lib/mno-hw-mul\libc.a(closer.o)
                0x0000000008012f58                _close_r
 .text          0x0000000008012fac        0x0 c:/intelfpga_lite/16.1/nios2eds/bin/gnu/h-x86_64-mingw32/bin/../lib/gcc/nios2-elf/5.3.0/../../../../../H-x86_64-mingw32/nios2-elf/lib/mno-hw-mul\libc.a(lib_a-dtoa.o)
 .text.quorem   0x0000000008012fac      0x228 c:/intelfpga_lite/16.1/nios2eds/bin/gnu/h-x86_64-mingw32/bin/../lib/gcc/nios2-elf/5.3.0/../../../../../H-x86_64-mingw32/nios2-elf/lib/mno-hw-mul\libc.a(lib_a-dtoa.o)
 .text._dtoa_r  0x00000000080131d4     0x1688 c:/intelfpga_lite/16.1/nios2eds/bin/gnu/h-x86_64-mingw32/bin/../lib/gcc/nios2-elf/5.3.0/../../../../../H-x86_64-mingw32/nios2-elf/lib/mno-hw-mul\libc.a(lib_a-dtoa.o)
                0x00000000080131d4                _dtoa_r
 .text          0x000000000801485c        0x0 c:/intelfpga_lite/16.1/nios2eds/bin/gnu/h-x86_64-mingw32/bin/../lib/gcc/nios2-elf/5.3.0/../../../../../H-x86_64-mingw32/nios2-elf/lib/mno-hw-mul\libc.a(lib_a-fclose.o)
 .text._fclose_r
                0x000000000801485c       0xf0 c:/intelfpga_lite/16.1/nios2eds/bin/gnu/h-x86_64-mingw32/bin/../lib/gcc/nios2-elf/5.3.0/../../../../../H-x86_64-mingw32/nios2-elf/lib/mno-hw-mul\libc.a(lib_a-fclose.o)
                0x000000000801485c                _fclose_r
 .text.fclose   0x000000000801494c       0x14 c:/intelfpga_lite/16.1/nios2eds/bin/gnu/h-x86_64-mingw32/bin/../lib/gcc/nios2-elf/5.3.0/../../../../../H-x86_64-mingw32/nios2-elf/lib/mno-hw-mul\libc.a(lib_a-fclose.o)
                0x000000000801494c                fclose
 .text          0x0000000008014960        0x0 c:/intelfpga_lite/16.1/nios2eds/bin/gnu/h-x86_64-mingw32/bin/../lib/gcc/nios2-elf/5.3.0/../../../../../H-x86_64-mingw32/nios2-elf/lib/mno-hw-mul\libc.a(lib_a-fstatr.o)
 .text._fstat_r
                0x0000000008014960       0x5c c:/intelfpga_lite/16.1/nios2eds/bin/gnu/h-x86_64-mingw32/bin/../lib/gcc/nios2-elf/5.3.0/../../../../../H-x86_64-mingw32/nios2-elf/lib/mno-hw-mul\libc.a(lib_a-fstatr.o)
                0x0000000008014960                _fstat_r
 .text          0x00000000080149bc        0x0 c:/intelfpga_lite/16.1/nios2eds/bin/gnu/h-x86_64-mingw32/bin/../lib/gcc/nios2-elf/5.3.0/../../../../../H-x86_64-mingw32/nios2-elf/lib/mno-hw-mul\libc.a(lib_a-gdtoa-gethex.o)
 .text.rshift   0x00000000080149bc      0x100 c:/intelfpga_lite/16.1/nios2eds/bin/gnu/h-x86_64-mingw32/bin/../lib/gcc/nios2-elf/5.3.0/../../../../../H-x86_64-mingw32/nios2-elf/lib/mno-hw-mul\libc.a(lib_a-gdtoa-gethex.o)
 .text.__gethex
                0x0000000008014abc      0x850 c:/intelfpga_lite/16.1/nios2eds/bin/gnu/h-x86_64-mingw32/bin/../lib/gcc/nios2-elf/5.3.0/../../../../../H-x86_64-mingw32/nios2-elf/lib/mno-hw-mul\libc.a(lib_a-gdtoa-gethex.o)
                0x0000000008014abc                __gethex
 .text          0x000000000801530c        0x0 c:/intelfpga_lite/16.1/nios2eds/bin/gnu/h-x86_64-mingw32/bin/../lib/gcc/nios2-elf/5.3.0/../../../../../H-x86_64-mingw32/nios2-elf/lib/mno-hw-mul\libc.a(lib_a-gdtoa-hexnan.o)
 .text.__hexnan
                0x000000000801530c      0x25c c:/intelfpga_lite/16.1/nios2eds/bin/gnu/h-x86_64-mingw32/bin/../lib/gcc/nios2-elf/5.3.0/../../../../../H-x86_64-mingw32/nios2-elf/lib/mno-hw-mul\libc.a(lib_a-gdtoa-hexnan.o)
                0x000000000801530c                __hexnan
 .text          0x0000000008015568        0x0 c:/intelfpga_lite/16.1/nios2eds/bin/gnu/h-x86_64-mingw32/bin/../lib/gcc/nios2-elf/5.3.0/../../../../../H-x86_64-mingw32/nios2-elf/lib/mno-hw-mul\libc.a(lib_a-isattyr.o)
 .text._isatty_r
                0x0000000008015568       0x54 c:/intelfpga_lite/16.1/nios2eds/bin/gnu/h-x86_64-mingw32/bin/../lib/gcc/nios2-elf/5.3.0/../../../../../H-x86_64-mingw32/nios2-elf/lib/mno-hw-mul\libc.a(lib_a-isattyr.o)
                0x0000000008015568                _isatty_r
 .text          0x00000000080155bc        0x0 c:/intelfpga_lite/16.1/nios2eds/bin/gnu/h-x86_64-mingw32/bin/../lib/gcc/nios2-elf/5.3.0/../../../../../H-x86_64-mingw32/nios2-elf/lib/mno-hw-mul\libc.a(lib_a-lseekr.o)
 .text._lseek_r
                0x00000000080155bc       0x60 c:/intelfpga_lite/16.1/nios2eds/bin/gnu/h-x86_64-mingw32/bin/../lib/gcc/nios2-elf/5.3.0/../../../../../H-x86_64-mingw32/nios2-elf/lib/mno-hw-mul\libc.a(lib_a-lseekr.o)
                0x00000000080155bc                _lseek_r
 .text          0x000000000801561c        0x0 c:/intelfpga_lite/16.1/nios2eds/bin/gnu/h-x86_64-mingw32/bin/../lib/gcc/nios2-elf/5.3.0/../../../../../H-x86_64-mingw32/nios2-elf/lib/mno-hw-mul\libc.a(lib_a-mprec.o)
 .text._Balloc  0x000000000801561c       0xa8 c:/intelfpga_lite/16.1/nios2eds/bin/gnu/h-x86_64-mingw32/bin/../lib/gcc/nios2-elf/5.3.0/../../../../../H-x86_64-mingw32/nios2-elf/lib/mno-hw-mul\libc.a(lib_a-mprec.o)
                0x000000000801561c                _Balloc
 .text._Bfree   0x00000000080156c4       0x28 c:/intelfpga_lite/16.1/nios2eds/bin/gnu/h-x86_64-mingw32/bin/../lib/gcc/nios2-elf/5.3.0/../../../../../H-x86_64-mingw32/nios2-elf/lib/mno-hw-mul\libc.a(lib_a-mprec.o)
                0x00000000080156c4                _Bfree
 .text.__multadd
                0x00000000080156ec      0x148 c:/intelfpga_lite/16.1/nios2eds/bin/gnu/h-x86_64-mingw32/bin/../lib/gcc/nios2-elf/5.3.0/../../../../../H-x86_64-mingw32/nios2-elf/lib/mno-hw-mul\libc.a(lib_a-mprec.o)
                0x00000000080156ec                __multadd
 .text.__s2b    0x0000000008015834      0x104 c:/intelfpga_lite/16.1/nios2eds/bin/gnu/h-x86_64-mingw32/bin/../lib/gcc/nios2-elf/5.3.0/../../../../../H-x86_64-mingw32/nios2-elf/lib/mno-hw-mul\libc.a(lib_a-mprec.o)
                0x0000000008015834                __s2b
 .text.__hi0bits
                0x0000000008015938       0x68 c:/intelfpga_lite/16.1/nios2eds/bin/gnu/h-x86_64-mingw32/bin/../lib/gcc/nios2-elf/5.3.0/../../../../../H-x86_64-mingw32/nios2-elf/lib/mno-hw-mul\libc.a(lib_a-mprec.o)
                0x0000000008015938                __hi0bits
 .text.__lo0bits
                0x00000000080159a0       0xb0 c:/intelfpga_lite/16.1/nios2eds/bin/gnu/h-x86_64-mingw32/bin/../lib/gcc/nios2-elf/5.3.0/../../../../../H-x86_64-mingw32/nios2-elf/lib/mno-hw-mul\libc.a(lib_a-mprec.o)
                0x00000000080159a0                __lo0bits
 .text.__i2b    0x0000000008015a50       0x3c c:/intelfpga_lite/16.1/nios2eds/bin/gnu/h-x86_64-mingw32/bin/../lib/gcc/nios2-elf/5.3.0/../../../../../H-x86_64-mingw32/nios2-elf/lib/mno-hw-mul\libc.a(lib_a-mprec.o)
                0x0000000008015a50                __i2b
 .text.__multiply
                0x0000000008015a8c      0x28c c:/intelfpga_lite/16.1/nios2eds/bin/gnu/h-x86_64-mingw32/bin/../lib/gcc/nios2-elf/5.3.0/../../../../../H-x86_64-mingw32/nios2-elf/lib/mno-hw-mul\libc.a(lib_a-mprec.o)
                0x0000000008015a8c                __multiply
 .text.__pow5mult
                0x0000000008015d18      0x140 c:/intelfpga_lite/16.1/nios2eds/bin/gnu/h-x86_64-mingw32/bin/../lib/gcc/nios2-elf/5.3.0/../../../../../H-x86_64-mingw32/nios2-elf/lib/mno-hw-mul\libc.a(lib_a-mprec.o)
                0x0000000008015d18                __pow5mult
 .text.__lshift
                0x0000000008015e58      0x148 c:/intelfpga_lite/16.1/nios2eds/bin/gnu/h-x86_64-mingw32/bin/../lib/gcc/nios2-elf/5.3.0/../../../../../H-x86_64-mingw32/nios2-elf/lib/mno-hw-mul\libc.a(lib_a-mprec.o)
                0x0000000008015e58                __lshift
 .text.__mcmp   0x0000000008015fa0       0x60 c:/intelfpga_lite/16.1/nios2eds/bin/gnu/h-x86_64-mingw32/bin/../lib/gcc/nios2-elf/5.3.0/../../../../../H-x86_64-mingw32/nios2-elf/lib/mno-hw-mul\libc.a(lib_a-mprec.o)
                0x0000000008015fa0                __mcmp
 .text.__mdiff  0x0000000008016000      0x1fc c:/intelfpga_lite/16.1/nios2eds/bin/gnu/h-x86_64-mingw32/bin/../lib/gcc/nios2-elf/5.3.0/../../../../../H-x86_64-mingw32/nios2-elf/lib/mno-hw-mul\libc.a(lib_a-mprec.o)
                0x0000000008016000                __mdiff
 .text.__ulp    0x00000000080161fc       0x64 c:/intelfpga_lite/16.1/nios2eds/bin/gnu/h-x86_64-mingw32/bin/../lib/gcc/nios2-elf/5.3.0/../../../../../H-x86_64-mingw32/nios2-elf/lib/mno-hw-mul\libc.a(lib_a-mprec.o)
                0x00000000080161fc                __ulp
 .text.__b2d    0x0000000008016260      0x10c c:/intelfpga_lite/16.1/nios2eds/bin/gnu/h-x86_64-mingw32/bin/../lib/gcc/nios2-elf/5.3.0/../../../../../H-x86_64-mingw32/nios2-elf/lib/mno-hw-mul\libc.a(lib_a-mprec.o)
                0x0000000008016260                __b2d
 .text.__d2b    0x000000000801636c      0x14c c:/intelfpga_lite/16.1/nios2eds/bin/gnu/h-x86_64-mingw32/bin/../lib/gcc/nios2-elf/5.3.0/../../../../../H-x86_64-mingw32/nios2-elf/lib/mno-hw-mul\libc.a(lib_a-mprec.o)
                0x000000000801636c                __d2b
 .text.__ratio  0x00000000080164b8       0xa4 c:/intelfpga_lite/16.1/nios2eds/bin/gnu/h-x86_64-mingw32/bin/../lib/gcc/nios2-elf/5.3.0/../../../../../H-x86_64-mingw32/nios2-elf/lib/mno-hw-mul\libc.a(lib_a-mprec.o)
                0x00000000080164b8                __ratio
 .text._mprec_log10
                0x000000000801655c       0x74 c:/intelfpga_lite/16.1/nios2eds/bin/gnu/h-x86_64-mingw32/bin/../lib/gcc/nios2-elf/5.3.0/../../../../../H-x86_64-mingw32/nios2-elf/lib/mno-hw-mul\libc.a(lib_a-mprec.o)
                0x000000000801655c                _mprec_log10
 .text.__copybits
                0x00000000080165d0       0x78 c:/intelfpga_lite/16.1/nios2eds/bin/gnu/h-x86_64-mingw32/bin/../lib/gcc/nios2-elf/5.3.0/../../../../../H-x86_64-mingw32/nios2-elf/lib/mno-hw-mul\libc.a(lib_a-mprec.o)
                0x00000000080165d0                __copybits
 .text.__any_on
                0x0000000008016648       0x8c c:/intelfpga_lite/16.1/nios2eds/bin/gnu/h-x86_64-mingw32/bin/../lib/gcc/nios2-elf/5.3.0/../../../../../H-x86_64-mingw32/nios2-elf/lib/mno-hw-mul\libc.a(lib_a-mprec.o)
                0x0000000008016648                __any_on
 .text          0x00000000080166d4        0x0 c:/intelfpga_lite/16.1/nios2eds/bin/gnu/h-x86_64-mingw32/bin/../lib/gcc/nios2-elf/5.3.0/../../../../../H-x86_64-mingw32/nios2-elf/lib/mno-hw-mul\libc.a(lib_a-readr.o)
 .text._read_r  0x00000000080166d4       0x60 c:/intelfpga_lite/16.1/nios2eds/bin/gnu/h-x86_64-mingw32/bin/../lib/gcc/nios2-elf/5.3.0/../../../../../H-x86_64-mingw32/nios2-elf/lib/mno-hw-mul\libc.a(lib_a-readr.o)
                0x00000000080166d4                _read_r
 .text          0x0000000008016734        0x0 c:/intelfpga_lite/16.1/nios2eds/bin/gnu/h-x86_64-mingw32/bin/../lib/gcc/nios2-elf/5.3.0/../../../../../H-x86_64-mingw32/nios2-elf/lib/mno-hw-mul\libc.a(lib_a-strncmp.o)
 .text.strncmp  0x0000000008016734       0xd0 c:/intelfpga_lite/16.1/nios2eds/bin/gnu/h-x86_64-mingw32/bin/../lib/gcc/nios2-elf/5.3.0/../../../../../H-x86_64-mingw32/nios2-elf/lib/mno-hw-mul\libc.a(lib_a-strncmp.o)
                0x0000000008016734                strncmp
 .text          0x0000000008016804        0x0 c:/intelfpga_lite/16.1/nios2eds/bin/gnu/h-x86_64-mingw32/bin/../lib/gcc/nios2-elf/5.3.0/../../../../../H-x86_64-mingw32/nios2-elf/lib/mno-hw-mul\libc.a(lib_a-svfiprintf.o)
 .text.__ssprint_r
                0x0000000008016804      0x1d0 c:/intelfpga_lite/16.1/nios2eds/bin/gnu/h-x86_64-mingw32/bin/../lib/gcc/nios2-elf/5.3.0/../../../../../H-x86_64-mingw32/nios2-elf/lib/mno-hw-mul\libc.a(lib_a-svfiprintf.o)
                0x0000000008016804                __ssprint_r
 .text.___svfiprintf_internal_r
                0x00000000080169d4     0x13a0 c:/intelfpga_lite/16.1/nios2eds/bin/gnu/h-x86_64-mingw32/bin/../lib/gcc/nios2-elf/5.3.0/../../../../../H-x86_64-mingw32/nios2-elf/lib/mno-hw-mul\libc.a(lib_a-svfiprintf.o)